E/eglCodecCommon( 1036): glUtilsParamSize: unknow param 0x00000b44
E/eglCodecCommon( 1036): glUtilsParamSize: unknow param 0x00000bd0
E/eglCodecCommon( 1036): **** ERROR unknown type 0x0 (glSizeof,72)
E/eglCodecCommon( 1036): **** ERROR unknown type 0x0 (glSizeof,72)
E/eglCodecCommon( 1036): glUtilsParamSize: unknow param 0x00000b44
E/eglCodecCommon( 1036): glUtilsParamSize: unknow param 0x00000bd0
E/eglCodecCommon( 1036): **** ERROR unknown type 0x0 (glSizeof,72)
E/eglCodecCommon( 1036): **** ERROR unknown type 0x0 (glSizeof,72)
E/eglCodecCommon( 1036): glUtilsParamSize: unknow param 0x00000b44
E/eglCodecCommon( 1036): glUtilsParamSize: unknow param 0x00000bd0
E/eglCodecCommon( 1036): **** ERROR unknown type 0x0 (glSizeof,72)
E/eglCodecCommon( 1036): **** ERROR unknown type 0x0 (glSizeof,72)
E/eglCodecCommon( 1036): glUtilsParamSize: unknow param 0x00000b44
E/eglCodecCommon( 1036): glUtilsParamSize: unknow param 0x00000bd0
W/ActivityManager(  354): No content provider found for permission revoke: file:///data/local/tmp/android-debug.apk
E/eglCodecCommon( 1036): **** ERROR unknown type 0x0 (glSizeof,72)
E/eglCodecCommon( 1036): **** ERROR unknown type 0x0 (glSizeof,72)
I/PackageManager(  354): Copying native libraries to /data/app-lib/vmdl614556927
E/eglCodecCommon( 1036): glUtilsParamSize: unknow param 0x00000b44
E/eglCodecCommon( 1036): glUtilsParamSize: unknow param 0x00000bd0
E/eglCodecCommon( 1036): **** ERROR unknown type 0x0 (glSizeof,72)
E/eglCodecCommon( 1036): **** ERROR unknown type 0x0 (glSizeof,72)
E/eglCodecCommon( 1036): glUtilsParamSize: unknow param 0x00000b44
E/eglCodecCommon( 1036): glUtilsParamSize: unknow param 0x00000bd0
E/eglCodecCommon( 1036): **** ERROR unknown type 0x0 (glSizeof,72)
E/eglCodecCommon( 1036): **** ERROR unknown type 0x0 (glSizeof,72)
E/eglCodecCommon( 1036): glUtilsParamSize: unknow param 0x00000b44
E/eglCodecCommon( 1036): glUtilsParamSize: unknow param 0x00000bd0
E/eglCodecCommon( 1036): **** ERROR unknown type 0x0 (glSizeof,72)
E/eglCodecCommon( 1036): **** ERROR unknown type 0x0 (glSizeof,72)
E/eglCodecCommon( 1036): glUtilsParamSize: unknow param 0x00000b44
E/eglCodecCommon( 1036): glUtilsParamSize: unknow param 0x00000bd0
E/eglCodecCommon( 1036): **** ERROR unknown type 0x0 (glSizeof,72)
E/eglCodecCommon( 1036): **** ERROR unknown type 0x0 (glSizeof,72)
E/eglCodecCommon( 1036): glUtilsParamSize: unknow param 0x00000b44
E/eglCodecCommon( 1036): glUtilsParamSize: unknow param 0x00000bd0
E/eglCodecCommon( 1036): **** ERROR unknown type 0x0 (glSizeof,72)
E/eglCodecCommon( 1036): **** ERROR unknown type 0x0 (glSizeof,72)
E/eglCodecCommon( 1036): glUtilsParamSize: unknow param 0x00000b44
E/eglCodecCommon( 1036): glUtilsParamSize: unknow param 0x00000bd0
E/eglCodecCommon( 1036): **** ERROR unknown type 0x0 (glSizeof,72)
E/eglCodecCommon( 1036): **** ERROR unknown type 0x0 (glSizeof,72)
E/eglCodecCommon( 1036): glUtilsParamSize: unknow param 0x00000b44
E/eglCodecCommon( 1036): glUtilsParamSize: unknow param 0x00000bd0
E/eglCodecCommon( 1036): **** ERROR unknown type 0x0 (glSizeof,72)
E/eglCodecCommon( 1036): **** ERROR unknown type 0x0 (glSizeof,72)
E/eglCodecCommon( 1036): glUtilsParamSize: unknow param 0x00000b44
E/eglCodecCommon( 1036): glUtilsParamSize: unknow param 0x00000bd0
E/eglCodecCommon( 1036): **** ERROR unknown type 0x0 (glSizeof,72)
E/eglCodecCommon( 1036): **** ERROR unknown type 0x0 (glSizeof,72)
E/eglCodecCommon( 1036): glUtilsParamSize: unknow param 0x00000b44
E/eglCodecCommon( 1036): glUtilsParamSize: unknow param 0x00000bd0
E/eglCodecCommon( 1036): **** ERROR unknown type 0x0 (glSizeof,72)
E/eglCodecCommon( 1036): **** ERROR unknown type 0x0 (glSizeof,72)
E/eglCodecCommon( 1036): glUtilsParamSize: unknow param 0x00000b44
E/eglCodecCommon( 1036): glUtilsParamSize: unknow param 0x00000bd0
E/eglCodecCommon( 1036): **** ERROR unknown type 0x0 (glSizeof,72)
E/eglCodecCommon( 1036): **** ERROR unknown type 0x0 (glSizeof,72)
D/dalvikvm(  354): GC_CONCURRENT freed 442K, 10% free 5520K/6132K, paused 6ms+46ms, total 296ms
E/eglCodecCommon( 1036): glUtilsParamSize: unknow param 0x00000b44
E/eglCodecCommon( 1036): glUtilsParamSize: unknow param 0x00000bd0
E/eglCodecCommon( 1036): **** ERROR unknown type 0x0 (glSizeof,72)
E/eglCodecCommon( 1036): **** ERROR unknown type 0x0 (glSizeof,72)
E/eglCodecCommon( 1036): glUtilsParamSize: unknow param 0x00000b44
E/eglCodecCommon( 1036): glUtilsParamSize: unknow param 0x00000bd0
E/eglCodecCommon( 1036): **** ERROR unknown type 0x0 (glSizeof,72)
E/eglCodecCommon( 1036): **** ERROR unknown type 0x0 (glSizeof,72)
E/eglCodecCommon( 1036): glUtilsParamSize: unknow param 0x00000b44
E/eglCodecCommon( 1036): glUtilsParamSize: unknow param 0x00000bd0
E/eglCodecCommon( 1036): **** ERROR unknown type 0x0 (glSizeof,72)
E/eglCodecCommon( 1036): **** ERROR unknown type 0x0 (glSizeof,72)
E/eglCodecCommon( 1036): glUtilsParamSize: unknow param 0x00000b44
E/eglCodecCommon( 1036): glUtilsParamSize: unknow param 0x00000bd0
E/eglCodecCommon( 1036): **** ERROR unknown type 0x0 (glSizeof,72)
E/eglCodecCommon( 1036): **** ERROR unknown type 0x0 (glSizeof,72)
E/eglCodecCommon( 1036): glUtilsParamSize: unknow param 0x00000b44
E/eglCodecCommon( 1036): glUtilsParamSize: unknow param 0x00000bd0
E/eglCodecCommon( 1036): **** ERROR unknown type 0x0 (glSizeof,72)
E/eglCodecCommon( 1036): **** ERROR unknown type 0x0 (glSizeof,72)
E/eglCodecCommon( 1036): glUtilsParamSize: unknow param 0x00000b44
E/eglCodecCommon( 1036): glUtilsParamSize: unknow param 0x00000bd0
E/eglCodecCommon( 1036): **** ERROR unknown type 0x0 (glSizeof,72)
E/eglCodecCommon( 1036): **** ERROR unknown type 0x0 (glSizeof,72)
E/eglCodecCommon( 1036): glUtilsParamSize: unknow param 0x00000b44
E/eglCodecCommon( 1036): glUtilsParamSize: unknow param 0x00000bd0
E/eglCodecCommon( 1036): **** ERROR unknown type 0x0 (glSizeof,72)
E/eglCodecCommon( 1036): **** ERROR unknown type 0x0 (glSizeof,72)
E/eglCodecCommon( 1036): glUtilsParamSize: unknow param 0x00000b44
E/eglCodecCommon( 1036): glUtilsParamSize: unknow param 0x00000bd0
E/eglCodecCommon( 1036): **** ERROR unknown type 0x0 (glSizeof,72)
E/eglCodecCommon( 1036): **** ERROR unknown type 0x0 (glSizeof,72)
E/eglCodecCommon( 1036): glUtilsParamSize: unknow param 0x00000b44
E/eglCodecCommon( 1036): glUtilsParamSize: unknow param 0x00000bd0
E/eglCodecCommon( 1036): **** ERROR unknown type 0x0 (glSizeof,72)
E/eglCodecCommon( 1036): **** ERROR unknown type 0x0 (glSizeof,72)
E/eglCodecCommon( 1036): glUtilsParamSize: unknow param 0x00000b44
E/eglCodecCommon( 1036): glUtilsParamSize: unknow param 0x00000bd0
E/eglCodecCommon( 1036): **** ERROR unknown type 0x0 (glSizeof,72)
E/eglCodecCommon( 1036): **** ERROR unknown type 0x0 (glSizeof,72)
E/eglCodecCommon( 1036): glUtilsParamSize: unknow param 0x00000b44
E/eglCodecCommon( 1036): glUtilsParamSize: unknow param 0x00000bd0
E/eglCodecCommon( 1036): **** ERROR unknown type 0x0 (glSizeof,72)
E/eglCodecCommon( 1036): **** ERROR unknown type 0x0 (glSizeof,72)
E/eglCodecCommon( 1036): glUtilsParamSize: unknow param 0x00000b44
E/eglCodecCommon( 1036): glUtilsParamSize: unknow param 0x00000bd0
E/eglCodecCommon( 1036): **** ERROR unknown type 0x0 (glSizeof,72)
E/eglCodecCommon( 1036): **** ERROR unknown type 0x0 (glSizeof,72)
E/eglCodecCommon( 1036): glUtilsParamSize: unknow param 0x00000b44
E/eglCodecCommon( 1036): glUtilsParamSize: unknow param 0x00000bd0
E/eglCodecCommon( 1036): **** ERROR unknown type 0x0 (glSizeof,72)
E/eglCodecCommon( 1036): **** ERROR unknown type 0x0 (glSizeof,72)
E/eglCodecCommon( 1036): glUtilsParamSize: unknow param 0x00000b44
E/eglCodecCommon( 1036): glUtilsParamSize: unknow param 0x00000bd0
E/eglCodecCommon( 1036): **** ERROR unknown type 0x0 (glSizeof,72)
E/eglCodecCommon( 1036): **** ERROR unknown type 0x0 (glSizeof,72)
E/eglCodecCommon( 1036): glUtilsParamSize: unknow param 0x00000b44
E/eglCodecCommon( 1036): glUtilsParamSize: unknow param 0x00000bd0
E/eglCodecCommon( 1036): **** ERROR unknown type 0x0 (glSizeof,72)
E/eglCodecCommon( 1036): **** ERROR unknown type 0x0 (glSizeof,72)
E/eglCodecCommon( 1036): glUtilsParamSize: unknow param 0x00000b44
E/eglCodecCommon( 1036): glUtilsParamSize: unknow param 0x00000bd0
E/eglCodecCommon( 1036): **** ERROR unknown type 0x0 (glSizeof,72)
E/eglCodecCommon( 1036): **** ERROR unknown type 0x0 (glSizeof,72)
E/eglCodecCommon( 1036): glUtilsParamSize: unknow param 0x00000b44
E/eglCodecCommon( 1036): glUtilsParamSize: unknow param 0x00000bd0
E/eglCodecCommon( 1036): **** ERROR unknown type 0x0 (glSizeof,72)
E/eglCodecCommon( 1036): **** ERROR unknown type 0x0 (glSizeof,72)
E/eglCodecCommon( 1036): glUtilsParamSize: unknow param 0x00000b44
E/eglCodecCommon( 1036): glUtilsParamSize: unknow param 0x00000bd0
E/eglCodecCommon( 1036): **** ERROR unknown type 0x0 (glSizeof,72)
E/eglCodecCommon( 1036): **** ERROR unknown type 0x0 (glSizeof,72)
E/eglCodecCommon( 1036): glUtilsParamSize: unknow param 0x00000b44
E/eglCodecCommon( 1036): glUtilsParamSize: unknow param 0x00000bd0
E/eglCodecCommon( 1036): **** ERROR unknown type 0x0 (glSizeof,72)
E/eglCodecCommon( 1036): **** ERROR unknown type 0x0 (glSizeof,72)
E/eglCodecCommon( 1036): glUtilsParamSize: unknow param 0x00000b44
E/eglCodecCommon( 1036): glUtilsParamSize: unknow param 0x00000bd0
E/eglCodecCommon( 1036): **** ERROR unknown type 0x0 (glSizeof,72)
E/eglCodecCommon( 1036): **** ERROR unknown type 0x0 (glSizeof,72)
E/eglCodecCommon( 1036): glUtilsParamSize: unknow param 0x00000b44
E/eglCodecCommon( 1036): glUtilsParamSize: unknow param 0x00000bd0
E/eglCodecCommon( 1036): **** ERROR unknown type 0x0 (glSizeof,72)
E/eglCodecCommon( 1036): **** ERROR unknown type 0x0 (glSizeof,72)
E/eglCodecCommon( 1036): glUtilsParamSize: unknow param 0x00000b44
E/eglCodecCommon( 1036): glUtilsParamSize: unknow param 0x00000bd0
E/eglCodecCommon( 1036): **** ERROR unknown type 0x0 (glSizeof,72)
E/eglCodecCommon( 1036): **** ERROR unknown type 0x0 (glSizeof,72)
E/eglCodecCommon( 1036): glUtilsParamSize: unknow param 0x00000b44
E/eglCodecCommon( 1036): glUtilsParamSize: unknow param 0x00000bd0
E/eglCodecCommon( 1036): **** ERROR unknown type 0x0 (glSizeof,72)
E/eglCodecCommon( 1036): **** ERROR unknown type 0x0 (glSizeof,72)
E/eglCodecCommon( 1036): glUtilsParamSize: unknow param 0x00000b44
E/eglCodecCommon( 1036): glUtilsParamSize: unknow param 0x00000bd0
E/eglCodecCommon( 1036): **** ERROR unknown type 0x0 (glSizeof,72)
E/eglCodecCommon( 1036): **** ERROR unknown type 0x0 (glSizeof,72)
E/eglCodecCommon( 1036): glUtilsParamSize: unknow param 0x00000b44
E/eglCodecCommon( 1036): glUtilsParamSize: unknow param 0x00000bd0
E/eglCodecCommon( 1036): **** ERROR unknown type 0x0 (glSizeof,72)
E/eglCodecCommon( 1036): **** ERROR unknown type 0x0 (glSizeof,72)
E/eglCodecCommon( 1036): glUtilsParamSize: unknow param 0x00000b44
E/eglCodecCommon( 1036): glUtilsParamSize: unknow param 0x00000bd0
E/eglCodecCommon( 1036): **** ERROR unknown type 0x0 (glSizeof,72)
E/eglCodecCommon( 1036): **** ERROR unknown type 0x0 (glSizeof,72)
D/dalvikvm(  354): GC_FOR_ALLOC freed 508K, 13% free 5502K/6324K, paused 214ms, total 214ms
E/eglCodecCommon( 1036): glUtilsParamSize: unknow param 0x00000b44
E/eglCodecCommon( 1036): glUtilsParamSize: unknow param 0x00000bd0
E/eglCodecCommon( 1036): **** ERROR unknown type 0x0 (glSizeof,72)
E/eglCodecCommon( 1036): **** ERROR unknown type 0x0 (glSizeof,72)
E/eglCodecCommon( 1036): glUtilsParamSize: unknow param 0x00000b44
E/eglCodecCommon( 1036): glUtilsParamSize: unknow param 0x00000bd0
E/eglCodecCommon( 1036): **** ERROR unknown type 0x0 (glSizeof,72)
E/eglCodecCommon( 1036): **** ERROR unknown type 0x0 (glSizeof,72)
E/eglCodecCommon( 1036): glUtilsParamSize: unknow param 0x00000b44
E/eglCodecCommon( 1036): glUtilsParamSize: unknow param 0x00000bd0
E/eglCodecCommon( 1036): **** ERROR unknown type 0x0 (glSizeof,72)
E/eglCodecCommon( 1036): **** ERROR unknown type 0x0 (glSizeof,72)
E/eglCodecCommon( 1036): glUtilsParamSize: unknow param 0x00000b44
E/eglCodecCommon( 1036): glUtilsParamSize: unknow param 0x00000bd0
E/eglCodecCommon( 1036): **** ERROR unknown type 0x0 (glSizeof,72)
E/eglCodecCommon( 1036): **** ERROR unknown type 0x0 (glSizeof,72)
E/eglCodecCommon( 1036): glUtilsParamSize: unknow param 0x00000b44
E/eglCodecCommon( 1036): glUtilsParamSize: unknow param 0x00000bd0
E/eglCodecCommon( 1036): **** ERROR unknown type 0x0 (glSizeof,72)
E/eglCodecCommon( 1036): **** ERROR unknown type 0x0 (glSizeof,72)
E/eglCodecCommon( 1036): glUtilsParamSize: unknow param 0x00000b44
E/eglCodecCommon( 1036): glUtilsParamSize: unknow param 0x00000bd0
E/eglCodecCommon( 1036): **** ERROR unknown type 0x0 (glSizeof,72)
E/eglCodecCommon( 1036): **** ERROR unknown type 0x0 (glSizeof,72)
E/eglCodecCommon( 1036): glUtilsParamSize: unknow param 0x00000b44
E/eglCodecCommon( 1036): glUtilsParamSize: unknow param 0x00000bd0
E/eglCodecCommon( 1036): **** ERROR unknown type 0x0 (glSizeof,72)
E/eglCodecCommon( 1036): **** ERROR unknown type 0x0 (glSizeof,72)
E/eglCodecCommon( 1036): glUtilsParamSize: unknow param 0x00000b44
E/eglCodecCommon( 1036): glUtilsParamSize: unknow param 0x00000bd0
E/eglCodecCommon( 1036): **** ERROR unknown type 0x0 (glSizeof,72)
E/eglCodecCommon( 1036): **** ERROR unknown type 0x0 (glSizeof,72)
E/eglCodecCommon( 1036): glUtilsParamSize: unknow param 0x00000b44
E/eglCodecCommon( 1036): glUtilsParamSize: unknow param 0x00000bd0
E/eglCodecCommon( 1036): **** ERROR unknown type 0x0 (glSizeof,72)
E/eglCodecCommon( 1036): **** ERROR unknown type 0x0 (glSizeof,72)
E/eglCodecCommon( 1036): glUtilsParamSize: unknow param 0x00000b44
E/eglCodecCommon( 1036): glUtilsParamSize: unknow param 0x00000bd0
E/eglCodecCommon( 1036): **** ERROR unknown type 0x0 (glSizeof,72)
E/eglCodecCommon( 1036): **** ERROR unknown type 0x0 (glSizeof,72)
E/eglCodecCommon( 1036): glUtilsParamSize: unknow param 0x00000b44
E/eglCodecCommon( 1036): glUtilsParamSize: unknow param 0x00000bd0
E/eglCodecCommon( 1036): **** ERROR unknown type 0x0 (glSizeof,72)
E/eglCodecCommon( 1036): **** ERROR unknown type 0x0 (glSizeof,72)
E/eglCodecCommon( 1036): glUtilsParamSize: unknow param 0x00000b44
E/eglCodecCommon( 1036): glUtilsParamSize: unknow param 0x00000bd0
E/eglCodecCommon( 1036): **** ERROR unknown type 0x0 (glSizeof,72)
E/eglCodecCommon( 1036): **** ERROR unknown type 0x0 (glSizeof,72)
E/eglCodecCommon( 1036): glUtilsParamSize: unknow param 0x00000b44
E/eglCodecCommon( 1036): glUtilsParamSize: unknow param 0x00000bd0
E/eglCodecCommon( 1036): **** ERROR unknown type 0x0 (glSizeof,72)
E/eglCodecCommon( 1036): **** ERROR unknown type 0x0 (glSizeof,72)
E/eglCodecCommon( 1036): glUtilsParamSize: unknow param 0x00000b44
E/eglCodecCommon( 1036): glUtilsParamSize: unknow param 0x00000bd0
E/eglCodecCommon( 1036): **** ERROR unknown type 0x0 (glSizeof,72)
E/eglCodecCommon( 1036): **** ERROR unknown type 0x0 (glSizeof,72)
E/eglCodecCommon( 1036): glUtilsParamSize: unknow param 0x00000b44
E/eglCodecCommon( 1036): glUtilsParamSize: unknow param 0x00000bd0
E/eglCodecCommon( 1036): **** ERROR unknown type 0x0 (glSizeof,72)
E/eglCodecCommon( 1036): **** ERROR unknown type 0x0 (glSizeof,72)
E/eglCodecCommon( 1036): glUtilsParamSize: unknow param 0x00000b44
E/eglCodecCommon( 1036): glUtilsParamSize: unknow param 0x00000bd0
E/eglCodecCommon( 1036): **** ERROR unknown type 0x0 (glSizeof,72)
E/eglCodecCommon( 1036): **** ERROR unknown type 0x0 (glSizeof,72)
E/eglCodecCommon( 1036): glUtilsParamSize: unknow param 0x00000b44
E/eglCodecCommon( 1036): glUtilsParamSize: unknow param 0x00000bd0
E/eglCodecCommon( 1036): **** ERROR unknown type 0x0 (glSizeof,72)
E/eglCodecCommon( 1036): **** ERROR unknown type 0x0 (glSizeof,72)
E/eglCodecCommon( 1036): glUtilsParamSize: unknow param 0x00000b44
E/eglCodecCommon( 1036): glUtilsParamSize: unknow param 0x00000bd0
E/eglCodecCommon( 1036): **** ERROR unknown type 0x0 (glSizeof,72)
E/eglCodecCommon( 1036): **** ERROR unknown type 0x0 (glSizeof,72)
E/eglCodecCommon( 1036): glUtilsParamSize: unknow param 0x00000b44
E/eglCodecCommon( 1036): glUtilsParamSize: unknow param 0x00000bd0
E/eglCodecCommon( 1036): **** ERROR unknown type 0x0 (glSizeof,72)
E/eglCodecCommon( 1036): **** ERROR unknown type 0x0 (glSizeof,72)
E/eglCodecCommon( 1036): glUtilsParamSize: unknow param 0x00000b44
E/eglCodecCommon( 1036): glUtilsParamSize: unknow param 0x00000bd0
E/eglCodecCommon( 1036): **** ERROR unknown type 0x0 (glSizeof,72)
E/eglCodecCommon( 1036): **** ERROR unknown type 0x0 (glSizeof,72)
E/eglCodecCommon( 1036): glUtilsParamSize: unknow param 0x00000b44
E/eglCodecCommon( 1036): glUtilsParamSize: unknow param 0x00000bd0
E/eglCodecCommon( 1036): **** ERROR unknown type 0x0 (glSizeof,72)
E/eglCodecCommon( 1036): **** ERROR unknown type 0x0 (glSizeof,72)
E/eglCodecCommon( 1036): glUtilsParamSize: unknow param 0x00000b44
E/eglCodecCommon( 1036): glUtilsParamSize: unknow param 0x00000bd0
E/eglCodecCommon( 1036): **** ERROR unknown type 0x0 (glSizeof,72)
E/eglCodecCommon( 1036): **** ERROR unknown type 0x0 (glSizeof,72)
E/eglCodecCommon( 1036): glUtilsParamSize: unknow param 0x00000b44
E/eglCodecCommon( 1036): glUtilsParamSize: unknow param 0x00000bd0
E/eglCodecCommon( 1036): **** ERROR unknown type 0x0 (glSizeof,72)
E/eglCodecCommon( 1036): **** ERROR unknown type 0x0 (glSizeof,72)
E/eglCodecCommon( 1036): glUtilsParamSize: unknow param 0x00000b44
E/eglCodecCommon( 1036): glUtilsParamSize: unknow param 0x00000bd0
E/eglCodecCommon( 1036): **** ERROR unknown type 0x0 (glSizeof,72)
E/eglCodecCommon( 1036): **** ERROR unknown type 0x0 (glSizeof,72)
E/eglCodecCommon( 1036): glUtilsParamSize: unknow param 0x00000b44
E/eglCodecCommon( 1036): glUtilsParamSize: unknow param 0x00000bd0
E/eglCodecCommon( 1036): **** ERROR unknown type 0x0 (glSizeof,72)
E/eglCodecCommon( 1036): **** ERROR unknown type 0x0 (glSizeof,72)
E/eglCodecCommon( 1036): glUtilsParamSize: unknow param 0x00000b44
E/eglCodecCommon( 1036): glUtilsParamSize: unknow param 0x00000bd0
E/eglCodecCommon( 1036): **** ERROR unknown type 0x0 (glSizeof,72)
E/eglCodecCommon( 1036): **** ERROR unknown type 0x0 (glSizeof,72)
E/eglCodecCommon( 1036): glUtilsParamSize: unknow param 0x00000b44
E/eglCodecCommon( 1036): glUtilsParamSize: unknow param 0x00000bd0
E/eglCodecCommon( 1036): **** ERROR unknown type 0x0 (glSizeof,72)
E/eglCodecCommon( 1036): **** ERROR unknown type 0x0 (glSizeof,72)
E/eglCodecCommon( 1036): glUtilsParamSize: unknow param 0x00000b44
E/eglCodecCommon( 1036): glUtilsParamSize: unknow param 0x00000bd0
E/eglCodecCommon( 1036): **** ERROR unknown type 0x0 (glSizeof,72)
E/eglCodecCommon( 1036): **** ERROR unknown type 0x0 (glSizeof,72)
E/eglCodecCommon( 1036): glUtilsParamSize: unknow param 0x00000b44
E/eglCodecCommon( 1036): glUtilsParamSize: unknow param 0x00000bd0
E/eglCodecCommon( 1036): **** ERROR unknown type 0x0 (glSizeof,72)
E/eglCodecCommon( 1036): **** ERROR unknown type 0x0 (glSizeof,72)
E/eglCodecCommon( 1036): glUtilsParamSize: unknow param 0x00000b44
E/eglCodecCommon( 1036): glUtilsParamSize: unknow param 0x00000bd0
E/eglCodecCommon( 1036): **** ERROR unknown type 0x0 (glSizeof,72)
E/eglCodecCommon( 1036): **** ERROR unknown type 0x0 (glSizeof,72)
D/dalvikvm(  354): GC_FOR_ALLOC freed 462K, 13% free 5507K/6324K, paused 164ms, total 164ms
E/eglCodecCommon( 1036): glUtilsParamSize: unknow param 0x00000b44
E/eglCodecCommon( 1036): glUtilsParamSize: unknow param 0x00000bd0
E/eglCodecCommon( 1036): **** ERROR unknown type 0x0 (glSizeof,72)
E/eglCodecCommon( 1036): **** ERROR unknown type 0x0 (glSizeof,72)
E/eglCodecCommon( 1036): glUtilsParamSize: unknow param 0x00000b44
E/eglCodecCommon( 1036): glUtilsParamSize: unknow param 0x00000bd0
E/eglCodecCommon( 1036): **** ERROR unknown type 0x0 (glSizeof,72)
E/eglCodecCommon( 1036): **** ERROR unknown type 0x0 (glSizeof,72)
E/eglCodecCommon( 1036): glUtilsParamSize: unknow param 0x00000b44
E/eglCodecCommon( 1036): glUtilsParamSize: unknow param 0x00000bd0
E/eglCodecCommon( 1036): **** ERROR unknown type 0x0 (glSizeof,72)
E/eglCodecCommon( 1036): **** ERROR unknown type 0x0 (glSizeof,72)
E/eglCodecCommon( 1036): glUtilsParamSize: unknow param 0x00000b44
E/eglCodecCommon( 1036): glUtilsParamSize: unknow param 0x00000bd0
E/eglCodecCommon( 1036): **** ERROR unknown type 0x0 (glSizeof,72)
E/eglCodecCommon( 1036): **** ERROR unknown type 0x0 (glSizeof,72)
E/eglCodecCommon( 1036): glUtilsParamSize: unknow param 0x00000b44
E/eglCodecCommon( 1036): glUtilsParamSize: unknow param 0x00000bd0
E/eglCodecCommon( 1036): **** ERROR unknown type 0x0 (glSizeof,72)
E/eglCodecCommon( 1036): **** ERROR unknown type 0x0 (glSizeof,72)
E/eglCodecCommon( 1036): glUtilsParamSize: unknow param 0x00000b44
E/eglCodecCommon( 1036): glUtilsParamSize: unknow param 0x00000bd0
E/eglCodecCommon( 1036): **** ERROR unknown type 0x0 (glSizeof,72)
E/eglCodecCommon( 1036): **** ERROR unknown type 0x0 (glSizeof,72)
E/eglCodecCommon( 1036): glUtilsParamSize: unknow param 0x00000b44
E/eglCodecCommon( 1036): glUtilsParamSize: unknow param 0x00000bd0
E/eglCodecCommon( 1036): **** ERROR unknown type 0x0 (glSizeof,72)
E/eglCodecCommon( 1036): **** ERROR unknown type 0x0 (glSizeof,72)
E/eglCodecCommon( 1036): glUtilsParamSize: unknow param 0x00000b44
E/eglCodecCommon( 1036): glUtilsParamSize: unknow param 0x00000bd0
E/eglCodecCommon( 1036): **** ERROR unknown type 0x0 (glSizeof,72)
E/eglCodecCommon( 1036): **** ERROR unknown type 0x0 (glSizeof,72)
E/eglCodecCommon( 1036): glUtilsParamSize: unknow param 0x00000b44
E/eglCodecCommon( 1036): glUtilsParamSize: unknow param 0x00000bd0
E/eglCodecCommon( 1036): **** ERROR unknown type 0x0 (glSizeof,72)
E/eglCodecCommon( 1036): **** ERROR unknown type 0x0 (glSizeof,72)
E/eglCodecCommon( 1036): glUtilsParamSize: unknow param 0x00000b44
E/eglCodecCommon( 1036): glUtilsParamSize: unknow param 0x00000bd0
I/ActivityManager(  354): Force stopping com.ionicframework.ionicmytabs716308 appid=10045 user=-1: uninstall pkg
I/ActivityManager(  354): Killing 1036:com.ionicframework.ionicmytabs716308/u0a45 (adj 0): stop com.ionicframework.ionicmytabs716308
W/ActivityManager(  354): Force removing ActivityRecord{b30306b8 u0 com.ionicframework.ionicmytabs716308/.MainActivity t2}: app died, no saved state
I/WindowState(  354): WIN DEATH: Window{b2fbee00 u0 com.ionicframework.ionicmytabs716308/com.ionicframework.ionicmytabs716308.MainActivity}
W/SurfaceFlinger(   54): couldn't log to binary event log: overflow.
D/dalvikvm(  354): GC_FOR_ALLOC freed 482K, 13% free 5503K/6320K, paused 62ms, total 63ms
I/PackageManager(  354): Package com.ionicframework.ionicmytabs716308 codePath changed from /data/app/com.ionicframework.ionicmytabs716308-1.apk to /data/app/com.ionicframework.ionicmytabs716308-2.apk; Retaining data and using new
W/EGL_emulation(  523): eglSurfaceAttrib not implemented
W/InputMethodManagerService(  354): Got RemoteException sending setActive(false) notification to pid 1036 uid 10045
W/Binder  (  473): Caught a RuntimeException from the binder stub implementation.
W/Binder  (  473): java.lang.NullPointerException
W/Binder  (  473): 	at android.inputmethodservice.IInputMethodWrapper.setSessionEnabled(IInputMethodWrapper.java:280)
W/Binder  (  473): 	at com.android.internal.view.IInputMethod$Stub.onTransact(IInputMethod.java:129)
W/Binder  (  473): 	at android.os.Binder.execTransact(Binder.java:404)
W/Binder  (  473): 	at dalvik.system.NativeStart.run(Native Method)
I/PackageManager(  354): Running dexopt on: com.ionicframework.ionicmytabs716308
D/dalvikvm( 1117): DexOpt: load 172ms, verify+opt 236ms, 498388 bytes
W/PackageManager(  354): Code path for pkg : com.ionicframework.ionicmytabs716308 changing from /data/app/com.ionicframework.ionicmytabs716308-1.apk to /data/app/com.ionicframework.ionicmytabs716308-2.apk
W/PackageManager(  354): Resource path for pkg : com.ionicframework.ionicmytabs716308 changing from /data/app/com.ionicframework.ionicmytabs716308-1.apk to /data/app/com.ionicframework.ionicmytabs716308-2.apk
I/ActivityManager(  354): Force stopping com.ionicframework.ionicmytabs716308 appid=10045 user=-1: update pkg
I/ActivityManager(  354): Force stopping com.ionicframework.ionicmytabs716308 appid=10045 user=0: pkg removed
D/dalvikvm(  523): GC_EXPLICIT freed 123K, 12% free 5237K/5908K, paused 29ms+10ms, total 85ms
I/InputReader(  354): Reconfiguring input devices.  changes=0x00000010
D/BackupManagerService(  354): Received broadcast Intent { act=android.intent.action.PACKAGE_REMOVED dat=package:com.ionicframework.ionicmytabs716308 flg=0x4000010 (has extras) }
I/PackageManager(  354):   Action: "android.intent.action.SENDTO"
I/PackageManager(  354):   Category: "android.intent.category.DEFAULT"
I/PackageManager(  354):   Scheme: "sms"
I/PackageManager(  354): Adding preferred activity ComponentInfo{com.android.mms/com.android.mms.ui.ComposeMessageActivity} for user 0 :
I/PackageManager(  354):   Action: "android.intent.action.SENDTO"
I/PackageManager(  354):   Category: "android.intent.category.DEFAULT"
I/PackageManager(  354):   Scheme: "smsto"
I/PackageManager(  354): Adding preferred activity ComponentInfo{com.android.mms/com.android.mms.ui.ComposeMessageActivity} for user 0 :
D/dalvikvm(  354): GC_CONCURRENT freed 884K, 16% free 5316K/6320K, paused 37ms+21ms, total 186ms
D/dalvikvm(  511): GC_CONCURRENT freed 400K, 16% free 3302K/3888K, paused 30ms+14ms, total 118ms
I/PackageManager(  354):   Action: "android.intent.action.SENDTO"
I/PackageManager(  354):   Category: "android.intent.category.DEFAULT"
I/PackageManager(  354):   Scheme: "mms"
I/PackageManager(  354): Adding preferred activity ComponentInfo{com.android.mms/com.android.mms.ui.ComposeMessageActivity} for user 0 :
I/PackageManager(  354):   Action: "android.intent.action.SENDTO"
I/PackageManager(  354):   Category: "android.intent.category.DEFAULT"
I/PackageManager(  354):   Scheme: "mmsto"
I/PackageManager(  354): Adding preferred activity ComponentInfo{com.android.mms/com.android.mms.ui.ComposeMessageActivity} for user 0 :
I/PackageManager(  354):   Action: "android.intent.action.SENDTO"
I/PackageManager(  354):   Category: "android.intent.category.DEFAULT"
I/PackageManager(  354):   Scheme: "sms"
I/PackageManager(  354): Adding preferred activity ComponentInfo{com.android.mms/com.android.mms.ui.ComposeMessageActivity} for user 0 :
I/PackageManager(  354):   Action: "android.intent.action.SENDTO"
I/PackageManager(  354):   Category: "android.intent.category.DEFAULT"
I/PackageManager(  354):   Scheme: "smsto"
I/PackageManager(  354): Adding preferred activity ComponentInfo{com.android.mms/com.android.mms.ui.ComposeMessageActivity} for user 0 :
D/dalvikvm(  511): GC_FOR_ALLOC freed 329K, 15% free 3341K/3896K, paused 28ms, total 28ms
I/PackageManager(  354):   Action: "android.intent.action.SENDTO"
I/PackageManager(  354):   Category: "android.intent.category.DEFAULT"
I/PackageManager(  354):   Scheme: "mms"
I/PackageManager(  354): Adding preferred activity ComponentInfo{com.android.mms/com.android.mms.ui.ComposeMessageActivity} for user 0 :
I/PackageManager(  354):   Action: "android.intent.action.SENDTO"
I/PackageManager(  354):   Category: "android.intent.category.DEFAULT"
I/PackageManager(  354):   Scheme: "mmsto"
I/InputReader(  354): Reconfiguring input devices.  changes=0x00000010
I/PackageManager(  354): Adding preferred activity ComponentInfo{com.android.mms/com.android.mms.ui.ComposeMessageActivity} for user 0 :
D/dalvikvm(  354): GC_CONCURRENT freed 634K, 16% free 5339K/6320K, paused 17ms+9ms, total 204ms
D/dalvikvm(  354): WAIT_FOR_CONCURRENT_GC blocked 48ms
D/dalvikvm(  354): WAIT_FOR_CONCURRENT_GC blocked 52ms
D/dalvikvm(  354): WAIT_FOR_CONCURRENT_GC blocked 52ms
D/BackupManagerService(  354): Received broadcast Intent { act=android.intent.action.PACKAGE_ADDED dat=package:com.ionicframework.ionicmytabs716308 flg=0x4000010 (has extras) }
V/BackupManagerService(  354): removePackageParticipantsLocked: uid=10045 #1
V/BackupManagerService(  354): addPackageParticipantsLocked: #1
I/PackageManager(  354):   Action: "android.intent.action.SENDTO"
I/PackageManager(  354):   Category: "android.intent.category.DEFAULT"
I/PackageManager(  354):   Scheme: "sms"
I/PackageManager(  354): Adding preferred activity ComponentInfo{com.android.mms/com.android.mms.ui.ComposeMessageActivity} for user 0 :
I/PackageManager(  354):   Action: "android.intent.action.SENDTO"
I/PackageManager(  354):   Category: "android.intent.category.DEFAULT"
I/PackageManager(  354):   Scheme: "smsto"
I/PackageManager(  354): Adding preferred activity ComponentInfo{com.android.mms/com.android.mms.ui.ComposeMessageActivity} for user 0 :
I/PackageManager(  354):   Action: "android.intent.action.SENDTO"
I/PackageManager(  354):   Category: "android.intent.category.DEFAULT"
I/PackageManager(  354):   Scheme: "mms"
I/PackageManager(  354): Adding preferred activity ComponentInfo{com.android.mms/com.android.mms.ui.ComposeMessageActivity} for user 0 :
I/PackageManager(  354):   Action: "android.intent.action.SENDTO"
I/PackageManager(  354):   Category: "android.intent.category.DEFAULT"
I/PackageManager(  354):   Scheme: "mmsto"
I/PackageManager(  354): Adding preferred activity ComponentInfo{com.android.mms/com.android.mms.ui.ComposeMessageActivity} for user 0 :
D/dalvikvm(  511): GC_CONCURRENT freed 407K, 16% free 3325K/3936K, paused 3ms+4ms, total 122ms
W/ContextImpl( 1005): Calling a method in the system process without a qualified user: android.app.ContextImpl.startService:1487 android.content.ContextWrapper.startService:494 android.content.ContextWrapper.startService:494 com.android.keychain.KeyChainBroadcastReceiver.onReceive:12 android.app.ActivityThread.handleReceiver:2407 
I/PackageManager(  354):   Action: "android.intent.action.SENDTO"
I/PackageManager(  354):   Category: "android.intent.category.DEFAULT"
I/PackageManager(  354):   Scheme: "sms"
I/PackageManager(  354): Adding preferred activity ComponentInfo{com.android.mms/com.android.mms.ui.ComposeMessageActivity} for user 0 :
I/PackageManager(  354):   Action: "android.intent.action.SENDTO"
I/PackageManager(  354):   Category: "android.intent.category.DEFAULT"
I/PackageManager(  354):   Scheme: "smsto"
I/PackageManager(  354): Adding preferred activity ComponentInfo{com.android.mms/com.android.mms.ui.ComposeMessageActivity} for user 0 :
D/dalvikvm(  354): GC_CONCURRENT freed 622K, 15% free 5379K/6320K, paused 6ms+7ms, total 136ms
D/dalvikvm(  354): WAIT_FOR_CONCURRENT_GC blocked 47ms
D/dalvikvm(  354): WAIT_FOR_CONCURRENT_GC blocked 35ms
I/PackageManager(  354):   Action: "android.intent.action.SENDTO"
I/PackageManager(  354):   Category: "android.intent.category.DEFAULT"
I/PackageManager(  354):   Scheme: "mms"
I/PackageManager(  354): Adding preferred activity ComponentInfo{com.android.mms/com.android.mms.ui.ComposeMessageActivity} for user 0 :
I/PackageManager(  354):   Action: "android.intent.action.SENDTO"
I/PackageManager(  354):   Category: "android.intent.category.DEFAULT"
I/PackageManager(  354):   Scheme: "mmsto"
I/PackageManager(  354): Adding preferred activity ComponentInfo{com.android.mms/com.android.mms.ui.ComposeMessageActivity} for user 0 :
I/PackageManager(  354):   Action: "android.intent.action.SENDTO"
I/PackageManager(  354):   Category: "android.intent.category.DEFAULT"
I/PackageManager(  354):   Scheme: "sms"
I/PackageManager(  354): Adding preferred activity ComponentInfo{com.android.mms/com.android.mms.ui.ComposeMessageActivity} for user 0 :
D/dalvikvm(  511): GC_CONCURRENT freed 405K, 15% free 3352K/3936K, paused 5ms+4ms, total 61ms
D/dalvikvm(  511): WAIT_FOR_CONCURRENT_GC blocked 47ms
I/PackageManager(  354):   Action: "android.intent.action.SENDTO"
I/PackageManager(  354):   Category: "android.intent.category.DEFAULT"
I/PackageManager(  354):   Scheme: "smsto"
I/PackageManager(  354): Adding preferred activity ComponentInfo{com.android.mms/com.android.mms.ui.ComposeMessageActivity} for user 0 :
I/PackageManager(  354):   Action: "android.intent.action.SENDTO"
I/PackageManager(  354):   Category: "android.intent.category.DEFAULT"
I/PackageManager(  354):   Scheme: "mms"
I/PackageManager(  354): Adding preferred activity ComponentInfo{com.android.mms/com.android.mms.ui.ComposeMessageActivity} for user 0 :
I/PackageManager(  354):   Action: "android.intent.action.SENDTO"
I/PackageManager(  354):   Category: "android.intent.category.DEFAULT"
I/PackageManager(  354):   Scheme: "mmsto"
I/PackageManager(  354): Adding preferred activity ComponentInfo{com.android.mms/com.android.mms.ui.ComposeMessageActivity} for user 0 :
I/PackageManager(  354):   Action: "android.intent.action.SENDTO"
I/PackageManager(  354):   Category: "android.intent.category.DEFAULT"
I/PackageManager(  354):   Scheme: "sms"
I/PackageManager(  354): Adding preferred activity ComponentInfo{com.android.mms/com.android.mms.ui.ComposeMessageActivity} for user 0 :
D/dalvikvm(  354): GC_CONCURRENT freed 734K, 16% free 5316K/6320K, paused 18ms+7ms, total 120ms
D/dalvikvm(  354): WAIT_FOR_CONCURRENT_GC blocked 25ms
I/PackageManager(  354):   Action: "android.intent.action.SENDTO"
I/PackageManager(  354):   Category: "android.intent.category.DEFAULT"
I/PackageManager(  354):   Scheme: "smsto"
I/ActivityManager(  354): Delay finish: com.android.keychain/.KeyChainBroadcastReceiver
I/PackageManager(  354): Adding preferred activity ComponentInfo{com.android.mms/com.android.mms.ui.ComposeMessageActivity} for user 0 :
I/PackageManager(  354):   Action: "android.intent.action.SENDTO"
I/PackageManager(  354):   Category: "android.intent.category.DEFAULT"
I/PackageManager(  354):   Scheme: "mms"
I/PackageManager(  354): Adding preferred activity ComponentInfo{com.android.mms/com.android.mms.ui.ComposeMessageActivity} for user 0 :
I/Choreographer(  523): Skipped 80 frames!  The application may be doing too much work on its main thread.
D/dalvikvm(  511): GC_CONCURRENT freed 430K, 16% free 3340K/3952K, paused 23ms+14ms, total 94ms
D/dalvikvm(  511): WAIT_FOR_CONCURRENT_GC blocked 27ms
I/PackageManager(  354):   Action: "android.intent.action.SENDTO"
I/PackageManager(  354):   Category: "android.intent.category.DEFAULT"
I/PackageManager(  354):   Scheme: "mmsto"
I/PackageManager(  354): Adding preferred activity ComponentInfo{com.android.mms/com.android.mms.ui.ComposeMessageActivity} for user 0 :
I/InputReader(  354): Reconfiguring input devices.  changes=0x00000010
D/dalvikvm(  523): GC_CONCURRENT freed 793K, 15% free 5189K/6076K, paused 12ms+9ms, total 102ms
I/ActivityManager(  354): Resuming delayed broadcast
W/RecognitionManagerService(  354): no available voice recognition services found for user 0
D/dalvikvm(  354): GC_EXPLICIT freed 479K, 16% free 5353K/6320K, paused 8ms+13ms, total 1840ms
D/AndroidRuntime( 1105): Shutting down VM
D/dalvikvm( 1105): GC_CONCURRENT freed 95K, 15% free 561K/660K, paused 2ms+12ms, total 22ms
D/AndroidRuntime( 1122): 
D/AndroidRuntime( 1122): >>>>>> AndroidRuntime START com.android.internal.os.RuntimeInit <<<<<<
D/AndroidRuntime( 1122): CheckJNI is ON
D/dalvikvm( 1122): Trying to load lib libjavacore.so 0x0
D/dalvikvm( 1122): Added shared lib libjavacore.so 0x0
D/dalvikvm( 1122): Trying to load lib libnativehelper.so 0x0
D/dalvikvm( 1122): Added shared lib libnativehelper.so 0x0
D/dalvikvm( 1122): No JNI_OnLoad found in libnativehelper.so 0x0, skipping init
D/dalvikvm( 1122): Note: class Landroid/app/ActivityManagerNative; has 179 unimplemented (abstract) methods
E/memtrack( 1122): Couldn't load memtrack module (No such file or directory)
E/android.os.Debug( 1122): failed to load memtrack module: -2
D/AndroidRuntime( 1122): Calling main entry com.android.commands.input.Input
I/Input   ( 1122): injectKeyEvent: KeyEvent { action=ACTION_DOWN, keyCode=KEYCODE_MENU, scanCode=0, metaState=0, flags=0x0, repeatCount=0, eventTime=1086234, downTime=1086234, deviceId=-1, source=0x101 }
I/Input   ( 1122): injectKeyEvent: KeyEvent { action=ACTION_UP, keyCode=KEYCODE_MENU, scanCode=0, metaState=0, flags=0x0, repeatCount=0, eventTime=1086234, downTime=1086234, deviceId=-1, source=0x101 }
D/AndroidRuntime( 1122): Shutting down VM
D/dalvikvm( 1122): GC_CONCURRENT freed 98K, 16% free 563K/664K, paused 2ms+2ms, total 22ms
E/SoundPool(  354): error loading /system/media/audio/ui/Effect_Tick.ogg
W/AudioService(  354): Soundpool could not load file: /system/media/audio/ui/Effect_Tick.ogg
E/SoundPool(  354): error loading /system/media/audio/ui/Effect_Tick.ogg
W/AudioService(  354): Soundpool could not load file: /system/media/audio/ui/Effect_Tick.ogg
E/SoundPool(  354): error loading /system/media/audio/ui/Effect_Tick.ogg
W/AudioService(  354): Soundpool could not load file: /system/media/audio/ui/Effect_Tick.ogg
E/SoundPool(  354): error loading /system/media/audio/ui/Effect_Tick.ogg
W/AudioService(  354): Soundpool could not load file: /system/media/audio/ui/Effect_Tick.ogg
E/SoundPool(  354): error loading /system/media/audio/ui/Effect_Tick.ogg
W/AudioService(  354): Soundpool could not load file: /system/media/audio/ui/Effect_Tick.ogg
E/SoundPool(  354): error loading /system/media/audio/ui/KeypressStandard.ogg
W/AudioService(  354): Soundpool could not load file: /system/media/audio/ui/KeypressStandard.ogg
E/SoundPool(  354): error loading /system/media/audio/ui/KeypressSpacebar.ogg
W/AudioService(  354): Soundpool could not load file: /system/media/audio/ui/KeypressSpacebar.ogg
E/SoundPool(  354): error loading /system/media/audio/ui/KeypressDelete.ogg
W/AudioService(  354): Soundpool could not load file: /system/media/audio/ui/KeypressDelete.ogg
E/SoundPool(  354): error loading /system/media/audio/ui/KeypressReturn.ogg
W/AudioService(  354): Soundpool could not load file: /system/media/audio/ui/KeypressReturn.ogg
E/SoundPool(  354): error loading /system/media/audio/ui/KeypressInvalid.ogg
W/AudioService(  354): Soundpool could not load file: /system/media/audio/ui/KeypressInvalid.ogg
W/AudioService(  354): onLoadSoundEffects(), Error -1 while loading samples
D/LightsService(  354): Excessive delay setting light: 176ms
W/EGL_emulation(  523): eglSurfaceAttrib not implemented
D/AndroidRuntime( 1136): 
D/AndroidRuntime( 1136): >>>>>> AndroidRuntime START com.android.internal.os.RuntimeInit <<<<<<
D/AndroidRuntime( 1136): CheckJNI is ON
D/dalvikvm( 1136): Trying to load lib libjavacore.so 0x0
D/dalvikvm( 1136): Added shared lib libjavacore.so 0x0
D/dalvikvm( 1136): Trying to load lib libnativehelper.so 0x0
D/dalvikvm( 1136): Added shared lib libnativehelper.so 0x0
D/dalvikvm( 1136): No JNI_OnLoad found in libnativehelper.so 0x0, skipping init
D/dalvikvm( 1136): Note: class Landroid/app/ActivityManagerNative; has 179 unimplemented (abstract) methods
E/memtrack( 1136): Couldn't load memtrack module (No such file or directory)
E/android.os.Debug( 1136): failed to load memtrack module: -2
D/AndroidRuntime( 1136): Calling main entry com.android.commands.am.Am
I/ActivityManager(  354): START u0 {act=android.intent.action.MAIN flg=0x10000000 cmp=com.ionicframework.ionicmytabs716308/.MainActivity} from pid 1136
I/ActivityManager(  354): Start proc com.ionicframework.ionicmytabs716308 for activity com.ionicframework.ionicmytabs716308/.MainActivity: pid=1147 uid=10045 gids={50045, 3003}
D/dalvikvm( 1147): Not late-enabling CheckJNI (already on)
V/WebViewChromiumFactoryProvider( 1147): Binding Chromium to main looper Looper (main, tid 1) {b2d83a68}
I/LibraryLoader( 1147): Expected native library version number "",actual native library version number ""
I/chromium( 1147): [INFO:library_loader_hooks.cc(116)] Chromium logging enabled: level = 0, default verbosity = 0
I/BrowserStartupController( 1147): Initializing chromium process, renderers=0
E/AudioManagerAndroid( 1147): BLUETOOTH permission is missing!
D/        ( 1147): HostConnection::get() New Host Connection established 0xb89d10f8, tid 1147
W/chromium( 1147): [WARNING:mailbox_synchronizer.cc(36)] MailboxSync not supported due to missing EGL image/fence support
W/chromium( 1147): [WARNING:proxy_service.cc(890)] PAC support disabled because there is no system implementation
I/dalvikvm( 1147): Could not find method android.webkit.CookieManager.setAcceptThirdPartyCookies, referenced from method org.apache.cordova.engine.SystemCookieManager.<init>
W/dalvikvm( 1147): VFY: unable to resolve virtual method 145: Landroid/webkit/CookieManager;.setAcceptThirdPartyCookies (Landroid/webkit/WebView;Z)V
D/dalvikvm( 1147): VFY: replacing opcode 0x6e at 0x0016
I/dalvikvm( 1147): Could not find method android.webkit.CookieManager.flush, referenced from method org.apache.cordova.engine.SystemCookieManager.flush
W/dalvikvm( 1147): VFY: unable to resolve virtual method 140: Landroid/webkit/CookieManager;.flush ()V
D/dalvikvm( 1147): VFY: replacing opcode 0x6e at 0x0008
D/dalvikvm( 1147): GC_CONCURRENT freed 101K, 6% free 3117K/3308K, paused 8ms+26ms, total 286ms
D/dalvikvm( 1147): WAIT_FOR_CONCURRENT_GC blocked 5ms
W/dalvikvm( 1147): VFY: unable to find class referenced in signature (Landroid/webkit/ClientCertRequest;)
W/dalvikvm( 1147): VFY: unable to find class referenced in signature (Landroid/webkit/ClientCertRequest;)
I/dalvikvm( 1147): Could not find method android.webkit.WebViewClient.onReceivedClientCertRequest, referenced from method org.apache.cordova.engine.SystemWebViewClient.onReceivedClientCertRequest
W/dalvikvm( 1147): VFY: unable to resolve virtual method 198: Landroid/webkit/WebViewClient;.onReceivedClientCertRequest (Landroid/webkit/WebView;Landroid/webkit/ClientCertRequest;)V
D/dalvikvm( 1147): VFY: replacing opcode 0x6f at 0x001a
W/dalvikvm( 1147): VFY: unable to find class referenced in signature (Landroid/webkit/PermissionRequest;)
I/dalvikvm( 1147): Could not find method android.webkit.PermissionRequest.getResources, referenced from method org.apache.cordova.engine.SystemWebChromeClient.onPermissionRequest
W/dalvikvm( 1147): VFY: unable to resolve virtual method 156: Landroid/webkit/PermissionRequest;.getResources ()[Ljava/lang/String;
D/dalvikvm( 1147): VFY: replacing opcode 0x6e at 0x000d
I/dalvikvm( 1147): Could not find method android.webkit.WebChromeClient$FileChooserParams.createIntent, referenced from method org.apache.cordova.engine.SystemWebChromeClient.onShowFileChooser
W/dalvikvm( 1147): VFY: unable to resolve virtual method 161: Landroid/webkit/WebChromeClient$FileChooserParams;.createIntent ()Landroid/content/Intent;
D/dalvikvm( 1147): VFY: replacing opcode 0x6e at 0x0000
D/SystemWebViewEngine( 1147): CordovaWebView is running on device made by: unknown
W/EGL_emulation( 1147): eglSurfaceAttrib not implemented
D/OpenGLRenderer( 1147): Enabling debug mode 0
W/AwContents( 1147): nativeOnDraw failed; clearing to background color.
W/AwContents( 1147): nativeOnDraw failed; clearing to background color.
I/ActivityManager(  354): Displayed com.ionicframework.ionicmytabs716308/.MainActivity: +2s226ms
D/AndroidRuntime( 1136): Shutting down VM
D/dalvikvm( 1136): GC_CONCURRENT freed 97K, 15% free 589K/688K, paused 3ms+1ms, total 20ms
I/Choreographer(  523): Skipped 43 frames!  The application may be doing too much work on its main thread.
W/AwContents( 1147): nativeOnDraw failed; clearing to background color.
W/AwContents( 1147): nativeOnDraw failed; clearing to background color.
W/AwContents( 1147): nativeOnDraw failed; clearing to background color.
W/AwContents( 1147): nativeOnDraw failed; clearing to background color.
W/AwContents( 1147): nativeOnDraw failed; clearing to background color.
W/AwContents( 1147): nativeOnDraw failed; clearing to background color.
W/AwContents( 1147): nativeOnDraw failed; clearing to background color.
W/AwContents( 1147): nativeOnDraw failed; clearing to background color.
W/AwContents( 1147): nativeOnDraw failed; clearing to background color.
W/AwContents( 1147): nativeOnDraw failed; clearing to background color.
W/AwContents( 1147): nativeOnDraw failed; clearing to background color.
W/AwContents( 1147): nativeOnDraw failed; clearing to background color.
W/AwContents( 1147): nativeOnDraw failed; clearing to background color.
W/AwContents( 1147): nativeOnDraw failed; clearing to background color.
W/AwContents( 1147): nativeOnDraw failed; clearing to background color.
D/JsMessageQueue( 1147): Set native->JS mode to OnlineEventsBridgeMode
I/chromium( 1147): [INFO:CONSOLE(1183)] "deviceready has not fired after 5 seconds.", source: file:///android_asset/www/cordova.js (1183)
E/eglCodecCommon( 1147): glUtilsParamSize: unknow param 0x00000b44
E/eglCodecCommon( 1147): glUtilsParamSize: unknow param 0x00000bd0
I/chromium( 1147): [INFO:async_pixel_transfer_manager_android.cc(60)] Async pixel transfers not supported
I/chromium( 1147): [INFO:async_pixel_transfer_manager_android.cc(60)] Async pixel transfers not supported
E/eglCodecCommon( 1147): **** ERROR unknown type 0x0 (glSizeof,72)
E/eglCodecCommon( 1147): **** ERROR unknown type 0x0 (glSizeof,72)
I/chromium( 1147): [INFO:CONSOLE(1176)] "Channel not fired: onPluginsReady", source: file:///android_asset/www/cordova.js (1176)
I/chromium( 1147): [INFO:CONSOLE(1176)] "Channel not fired: onCordovaReady", source: file:///android_asset/www/cordova.js (1176)
E/eglCodecCommon( 1147): glUtilsParamSize: unknow param 0x00000b44
E/eglCodecCommon( 1147): glUtilsParamSize: unknow param 0x00000bd0
E/eglCodecCommon( 1147): **** ERROR unknown type 0x0 (glSizeof,72)
E/eglCodecCommon( 1147): **** ERROR unknown type 0x0 (glSizeof,72)
E/eglCodecCommon( 1147): glUtilsParamSize: unknow param 0x00000b44
E/eglCodecCommon( 1147): glUtilsParamSize: unknow param 0x00000bd0
E/eglCodecCommon( 1147): **** ERROR unknown type 0x0 (glSizeof,72)
E/eglCodecCommon( 1147): **** ERROR unknown type 0x0 (glSizeof,72)
E/eglCodecCommon( 1147): glUtilsParamSize: unknow param 0x00000b44
E/eglCodecCommon( 1147): glUtilsParamSize: unknow param 0x00000bd0
E/eglCodecCommon( 1147): **** ERROR unknown type 0x0 (glSizeof,72)
E/eglCodecCommon( 1147): **** ERROR unknown type 0x0 (glSizeof,72)
E/eglCodecCommon( 1147): glUtilsParamSize: unknow param 0x00000b44
E/eglCodecCommon( 1147): glUtilsParamSize: unknow param 0x00000bd0
E/eglCodecCommon( 1147): **** ERROR unknown type 0x0 (glSizeof,72)
E/eglCodecCommon( 1147): **** ERROR unknown type 0x0 (glSizeof,72)
E/eglCodecCommon( 1147): glUtilsParamSize: unknow param 0x00000b44
E/eglCodecCommon( 1147): glUtilsParamSize: unknow param 0x00000bd0
E/eglCodecCommon( 1147): **** ERROR unknown type 0x0 (glSizeof,72)
E/eglCodecCommon( 1147): **** ERROR unknown type 0x0 (glSizeof,72)
E/eglCodecCommon( 1147): glUtilsParamSize: unknow param 0x00000b44
E/eglCodecCommon( 1147): glUtilsParamSize: unknow param 0x00000bd0
E/eglCodecCommon( 1147): **** ERROR unknown type 0x0 (glSizeof,72)
E/eglCodecCommon( 1147): **** ERROR unknown type 0x0 (glSizeof,72)
E/eglCodecCommon( 1147): glUtilsParamSize: unknow param 0x00000b44
E/eglCodecCommon( 1147): glUtilsParamSize: unknow param 0x00000bd0
E/eglCodecCommon( 1147): **** ERROR unknown type 0x0 (glSizeof,72)
E/eglCodecCommon( 1147): **** ERROR unknown type 0x0 (glSizeof,72)
E/eglCodecCommon( 1147): glUtilsParamSize: unknow param 0x00000b44
E/eglCodecCommon( 1147): glUtilsParamSize: unknow param 0x00000bd0
E/eglCodecCommon( 1147): **** ERROR unknown type 0x0 (glSizeof,72)
E/eglCodecCommon( 1147): **** ERROR unknown type 0x0 (glSizeof,72)
E/eglCodecCommon( 1147): glUtilsParamSize: unknow param 0x00000b44
E/eglCodecCommon( 1147): glUtilsParamSize: unknow param 0x00000bd0
E/eglCodecCommon( 1147): **** ERROR unknown type 0x0 (glSizeof,72)
E/eglCodecCommon( 1147): **** ERROR unknown type 0x0 (glSizeof,72)
E/eglCodecCommon( 1147): glUtilsParamSize: unknow param 0x00000b44
E/eglCodecCommon( 1147): glUtilsParamSize: unknow param 0x00000bd0
E/eglCodecCommon( 1147): **** ERROR unknown type 0x0 (glSizeof,72)
E/eglCodecCommon( 1147): **** ERROR unknown type 0x0 (glSizeof,72)
E/eglCodecCommon( 1147): glUtilsParamSize: unknow param 0x00000b44
E/eglCodecCommon( 1147): glUtilsParamSize: unknow param 0x00000bd0
E/eglCodecCommon( 1147): **** ERROR unknown type 0x0 (glSizeof,72)
E/eglCodecCommon( 1147): **** ERROR unknown type 0x0 (glSizeof,72)
E/eglCodecCommon( 1147): glUtilsParamSize: unknow param 0x00000b44
E/eglCodecCommon( 1147): glUtilsParamSize: unknow param 0x00000bd0
E/eglCodecCommon( 1147): **** ERROR unknown type 0x0 (glSizeof,72)
E/eglCodecCommon( 1147): **** ERROR unknown type 0x0 (glSizeof,72)
E/eglCodecCommon( 1147): glUtilsParamSize: unknow param 0x00000b44
E/eglCodecCommon( 1147): glUtilsParamSize: unknow param 0x00000bd0
E/eglCodecCommon( 1147): **** ERROR unknown type 0x0 (glSizeof,72)
E/eglCodecCommon( 1147): **** ERROR unknown type 0x0 (glSizeof,72)
E/eglCodecCommon( 1147): glUtilsParamSize: unknow param 0x00000b44
E/eglCodecCommon( 1147): glUtilsParamSize: unknow param 0x00000bd0
E/eglCodecCommon( 1147): **** ERROR unknown type 0x0 (glSizeof,72)
E/eglCodecCommon( 1147): **** ERROR unknown type 0x0 (glSizeof,72)
E/eglCodecCommon( 1147): glUtilsParamSize: unknow param 0x00000b44
E/eglCodecCommon( 1147): glUtilsParamSize: unknow param 0x00000bd0
E/eglCodecCommon( 1147): **** ERROR unknown type 0x0 (glSizeof,72)
E/eglCodecCommon( 1147): **** ERROR unknown type 0x0 (glSizeof,72)
E/eglCodecCommon( 1147): glUtilsParamSize: unknow param 0x00000b44
E/eglCodecCommon( 1147): glUtilsParamSize: unknow param 0x00000bd0
E/eglCodecCommon( 1147): **** ERROR unknown type 0x0 (glSizeof,72)
