--------- beginning of /dev/log/system
D/ConnectivityService(  354): Sampling interval elapsed, updating statistics ..
D/ConnectivityService(  354): Done.
D/ConnectivityService(  354): Setting timer for 720seconds
--------- beginning of /dev/log/main
E/eglCodecCommon( 1036): glUtilsParamSize: unknow param 0x00000b44
E/eglCodecCommon( 1036): glUtilsParamSize: unknow param 0x00000bd0
E/eglCodecCommon( 1036): **** ERROR unknown type 0x0 (glSizeof,72)
E/eglCodecCommon( 1036): **** ERROR unknown type 0x0 (glSizeof,72)
E/eglCodecCommon( 1036): glUtilsParamSize: unknow param 0x00000b44
E/eglCodecCommon( 1036): glUtilsParamSize: unknow param 0x00000bd0
E/eglCodecCommon( 1036): **** ERROR unknown type 0x0 (glSizeof,72)
E/eglCodecCommon( 1036): **** ERROR unknown type 0x0 (glSizeof,72)
E/eglCodecCommon( 1036): glUtilsParamSize: unknow param 0x00000b44
E/eglCodecCommon( 1036): glUtilsParamSize: unknow param 0x00000bd0
E/eglCodecCommon( 1036): **** ERROR unknown type 0x0 (glSizeof,72)
E/eglCodecCommon( 1036): **** ERROR unknown type 0x0 (glSizeof,72)
E/eglCodecCommon( 1036): glUtilsParamSize: unknow param 0x00000b44
E/eglCodecCommon( 1036): glUtilsParamSize: unknow param 0x00000bd0
E/eglCodecCommon( 1036): **** ERROR unknown type 0x0 (glSizeof,72)
E/eglCodecCommon( 1036): **** ERROR unknown type 0x0 (glSizeof,72)
E/eglCodecCommon( 1036): glUtilsParamSize: unknow param 0x00000b44
E/eglCodecCommon( 1036): glUtilsParamSize: unknow param 0x00000bd0
E/eglCodecCommon( 1036): **** ERROR unknown type 0x0 (glSizeof,72)
E/eglCodecCommon( 1036): **** ERROR unknown type 0x0 (glSizeof,72)
E/eglCodecCommon( 1036): glUtilsParamSize: unknow param 0x00000b44
E/eglCodecCommon( 1036): glUtilsParamSize: unknow param 0x00000bd0
E/eglCodecCommon( 1036): **** ERROR unknown type 0x0 (glSizeof,72)
E/eglCodecCommon( 1036): **** ERROR unknown type 0x0 (glSizeof,72)
E/eglCodecCommon( 1036): glUtilsParamSize: unknow param 0x00000b44
E/eglCodecCommon( 1036): glUtilsParamSize: unknow param 0x00000bd0
E/eglCodecCommon( 1036): **** ERROR unknown type 0x0 (glSizeof,72)
E/eglCodecCommon( 1036): **** ERROR unknown type 0x0 (glSizeof,72)
E/eglCodecCommon( 1036): glUtilsParamSize: unknow param 0x00000b44
E/eglCodecCommon( 1036): glUtilsParamSize: unknow param 0x00000bd0
E/eglCodecCommon( 1036): **** ERROR unknown type 0x0 (glSizeof,72)
E/eglCodecCommon( 1036): **** ERROR unknown type 0x0 (glSizeof,72)
E/eglCodecCommon( 1036): glUtilsParamSize: unknow param 0x00000b44
E/eglCodecCommon( 1036): glUtilsParamSize: unknow param 0x00000bd0
E/eglCodecCommon( 1036): **** ERROR unknown type 0x0 (glSizeof,72)
E/eglCodecCommon( 1036): **** ERROR unknown type 0x0 (glSizeof,72)
E/eglCodecCommon( 1036): glUtilsParamSize: unknow param 0x00000b44
E/eglCodecCommon( 1036): glUtilsParamSize: unknow param 0x00000bd0
E/eglCodecCommon( 1036): **** ERROR unknown type 0x0 (glSizeof,72)
E/eglCodecCommon( 1036): **** ERROR unknown type 0x0 (glSizeof,72)
E/eglCodecCommon( 1036): glUtilsParamSize: unknow param 0x00000b44
E/eglCodecCommon( 1036): glUtilsParamSize: unknow param 0x00000bd0
E/eglCodecCommon( 1036): **** ERROR unknown type 0x0 (glSizeof,72)
E/eglCodecCommon( 1036): **** ERROR unknown type 0x0 (glSizeof,72)
E/eglCodecCommon( 1036): glUtilsParamSize: unknow param 0x00000b44
E/eglCodecCommon( 1036): glUtilsParamSize: unknow param 0x00000bd0
E/eglCodecCommon( 1036): **** ERROR unknown type 0x0 (glSizeof,72)
E/eglCodecCommon( 1036): **** ERROR unknown type 0x0 (glSizeof,72)
E/eglCodecCommon( 1036): glUtilsParamSize: unknow param 0x00000b44
E/eglCodecCommon( 1036): glUtilsParamSize: unknow param 0x00000bd0
E/eglCodecCommon( 1036): **** ERROR unknown type 0x0 (glSizeof,72)
E/eglCodecCommon( 1036): **** ERROR unknown type 0x0 (glSizeof,72)
E/eglCodecCommon( 1036): glUtilsParamSize: unknow param 0x00000b44
E/eglCodecCommon( 1036): glUtilsParamSize: unknow param 0x00000bd0
E/eglCodecCommon( 1036): **** ERROR unknown type 0x0 (glSizeof,72)
E/eglCodecCommon( 1036): **** ERROR unknown type 0x0 (glSizeof,72)
E/eglCodecCommon( 1036): glUtilsParamSize: unknow param 0x00000b44
E/eglCodecCommon( 1036): glUtilsParamSize: unknow param 0x00000bd0
E/eglCodecCommon( 1036): **** ERROR unknown type 0x0 (glSizeof,72)
E/eglCodecCommon( 1036): **** ERROR unknown type 0x0 (glSizeof,72)
E/eglCodecCommon( 1036): glUtilsParamSize: unknow param 0x00000b44
E/eglCodecCommon( 1036): glUtilsParamSize: unknow param 0x00000bd0
E/eglCodecCommon( 1036): **** ERROR unknown type 0x0 (glSizeof,72)
E/eglCodecCommon( 1036): **** ERROR unknown type 0x0 (glSizeof,72)
E/eglCodecCommon( 1036): glUtilsParamSize: unknow param 0x00000b44
E/eglCodecCommon( 1036): glUtilsParamSize: unknow param 0x00000bd0
E/eglCodecCommon( 1036): **** ERROR unknown type 0x0 (glSizeof,72)
E/eglCodecCommon( 1036): **** ERROR unknown type 0x0 (glSizeof,72)
E/eglCodecCommon( 1036): glUtilsParamSize: unknow param 0x00000b44
E/eglCodecCommon( 1036): glUtilsParamSize: unknow param 0x00000bd0
E/eglCodecCommon( 1036): **** ERROR unknown type 0x0 (glSizeof,72)
E/eglCodecCommon( 1036): **** ERROR unknown type 0x0 (glSizeof,72)
E/eglCodecCommon( 1036): glUtilsParamSize: unknow param 0x00000b44
E/eglCodecCommon( 1036): glUtilsParamSize: unknow param 0x00000bd0
E/eglCodecCommon( 1036): **** ERROR unknown type 0x0 (glSizeof,72)
E/eglCodecCommon( 1036): **** ERROR unknown type 0x0 (glSizeof,72)
E/eglCodecCommon( 1036): glUtilsParamSize: unknow param 0x00000b44
E/eglCodecCommon( 1036): glUtilsParamSize: unknow param 0x00000bd0
E/eglCodecCommon( 1036): **** ERROR unknown type 0x0 (glSizeof,72)
E/eglCodecCommon( 1036): **** ERROR unknown type 0x0 (glSizeof,72)
E/eglCodecCommon( 1036): glUtilsParamSize: unknow param 0x00000b44
E/eglCodecCommon( 1036): glUtilsParamSize: unknow param 0x00000bd0
E/eglCodecCommon( 1036): **** ERROR unknown type 0x0 (glSizeof,72)
E/eglCodecCommon( 1036): **** ERROR unknown type 0x0 (glSizeof,72)
E/eglCodecCommon( 1036): glUtilsParamSize: unknow param 0x00000b44
E/eglCodecCommon( 1036): glUtilsParamSize: unknow param 0x00000bd0
E/eglCodecCommon( 1036): **** ERROR unknown type 0x0 (glSizeof,72)
E/eglCodecCommon( 1036): **** ERROR unknown type 0x0 (glSizeof,72)
E/eglCodecCommon( 1036): glUtilsParamSize: unknow param 0x00000b44
E/eglCodecCommon( 1036): glUtilsParamSize: unknow param 0x00000bd0
E/eglCodecCommon( 1036): **** ERROR unknown type 0x0 (glSizeof,72)
E/eglCodecCommon( 1036): **** ERROR unknown type 0x0 (glSizeof,72)
E/eglCodecCommon( 1036): glUtilsParamSize: unknow param 0x00000b44
E/eglCodecCommon( 1036): glUtilsParamSize: unknow param 0x00000bd0
E/eglCodecCommon( 1036): **** ERROR unknown type 0x0 (glSizeof,72)
E/eglCodecCommon( 1036): **** ERROR unknown type 0x0 (glSizeof,72)
E/eglCodecCommon( 1036): glUtilsParamSize: unknow param 0x00000b44
E/eglCodecCommon( 1036): glUtilsParamSize: unknow param 0x00000bd0
E/eglCodecCommon( 1036): **** ERROR unknown type 0x0 (glSizeof,72)
E/eglCodecCommon( 1036): **** ERROR unknown type 0x0 (glSizeof,72)
E/eglCodecCommon( 1036): glUtilsParamSize: unknow param 0x00000b44
E/eglCodecCommon( 1036): glUtilsParamSize: unknow param 0x00000bd0
E/eglCodecCommon( 1036): **** ERROR unknown type 0x0 (glSizeof,72)
E/eglCodecCommon( 1036): **** ERROR unknown type 0x0 (glSizeof,72)
E/eglCodecCommon( 1036): glUtilsParamSize: unknow param 0x00000b44
E/eglCodecCommon( 1036): glUtilsParamSize: unknow param 0x00000bd0
E/eglCodecCommon( 1036): **** ERROR unknown type 0x0 (glSizeof,72)
E/eglCodecCommon( 1036): **** ERROR unknown type 0x0 (glSizeof,72)
E/eglCodecCommon( 1036): glUtilsParamSize: unknow param 0x00000b44
E/eglCodecCommon( 1036): glUtilsParamSize: unknow param 0x00000bd0
E/eglCodecCommon( 1036): **** ERROR unknown type 0x0 (glSizeof,72)
E/eglCodecCommon( 1036): **** ERROR unknown type 0x0 (glSizeof,72)
E/eglCodecCommon( 1036): glUtilsParamSize: unknow param 0x00000b44
E/eglCodecCommon( 1036): glUtilsParamSize: unknow param 0x00000bd0
E/eglCodecCommon( 1036): **** ERROR unknown type 0x0 (glSizeof,72)
E/eglCodecCommon( 1036): **** ERROR unknown type 0x0 (glSizeof,72)
E/eglCodecCommon( 1036): glUtilsParamSize: unknow param 0x00000b44
E/eglCodecCommon( 1036): glUtilsParamSize: unknow param 0x00000bd0
E/eglCodecCommon( 1036): **** ERROR unknown type 0x0 (glSizeof,72)
E/eglCodecCommon( 1036): **** ERROR unknown type 0x0 (glSizeof,72)
E/eglCodecCommon( 1036): glUtilsParamSize: unknow param 0x00000b44
E/eglCodecCommon( 1036): glUtilsParamSize: unknow param 0x00000bd0
E/eglCodecCommon( 1036): **** ERROR unknown type 0x0 (glSizeof,72)
E/eglCodecCommon( 1036): **** ERROR unknown type 0x0 (glSizeof,72)
E/eglCodecCommon( 1036): glUtilsParamSize: unknow param 0x00000b44
E/eglCodecCommon( 1036): glUtilsParamSize: unknow param 0x00000bd0
E/eglCodecCommon( 1036): **** ERROR unknown type 0x0 (glSizeof,72)
E/eglCodecCommon( 1036): **** ERROR unknown type 0x0 (glSizeof,72)
E/eglCodecCommon( 1036): glUtilsParamSize: unknow param 0x00000b44
E/eglCodecCommon( 1036): glUtilsParamSize: unknow param 0x00000bd0
E/eglCodecCommon( 1036): **** ERROR unknown type 0x0 (glSizeof,72)
E/eglCodecCommon( 1036): **** ERROR unknown type 0x0 (glSizeof,72)
E/eglCodecCommon( 1036): glUtilsParamSize: unknow param 0x00000b44
E/eglCodecCommon( 1036): glUtilsParamSize: unknow param 0x00000bd0
E/eglCodecCommon( 1036): **** ERROR unknown type 0x0 (glSizeof,72)
E/eglCodecCommon( 1036): **** ERROR unknown type 0x0 (glSizeof,72)
E/eglCodecCommon( 1036): glUtilsParamSize: unknow param 0x00000b44
E/eglCodecCommon( 1036): glUtilsParamSize: unknow param 0x00000bd0
E/eglCodecCommon( 1036): **** ERROR unknown type 0x0 (glSizeof,72)
E/eglCodecCommon( 1036): **** ERROR unknown type 0x0 (glSizeof,72)
E/eglCodecCommon( 1036): glUtilsParamSize: unknow param 0x00000b44
E/eglCodecCommon( 1036): glUtilsParamSize: unknow param 0x00000bd0
E/eglCodecCommon( 1036): **** ERROR unknown type 0x0 (glSizeof,72)
E/eglCodecCommon( 1036): **** ERROR unknown type 0x0 (glSizeof,72)
E/eglCodecCommon( 1036): glUtilsParamSize: unknow param 0x00000b44
E/eglCodecCommon( 1036): glUtilsParamSize: unknow param 0x00000bd0
E/eglCodecCommon( 1036): **** ERROR unknown type 0x0 (glSizeof,72)
E/eglCodecCommon( 1036): **** ERROR unknown type 0x0 (glSizeof,72)
E/eglCodecCommon( 1036): glUtilsParamSize: unknow param 0x00000b44
E/eglCodecCommon( 1036): glUtilsParamSize: unknow param 0x00000bd0
E/eglCodecCommon( 1036): **** ERROR unknown type 0x0 (glSizeof,72)
E/eglCodecCommon( 1036): **** ERROR unknown type 0x0 (glSizeof,72)
E/eglCodecCommon( 1036): glUtilsParamSize: unknow param 0x00000b44
E/eglCodecCommon( 1036): glUtilsParamSize: unknow param 0x00000bd0
E/eglCodecCommon( 1036): **** ERROR unknown type 0x0 (glSizeof,72)
E/eglCodecCommon( 1036): **** ERROR unknown type 0x0 (glSizeof,72)
E/eglCodecCommon( 1036): glUtilsParamSize: unknow param 0x00000b44
E/eglCodecCommon( 1036): glUtilsParamSize: unknow param 0x00000bd0
E/eglCodecCommon( 1036): **** ERROR unknown type 0x0 (glSizeof,72)
E/eglCodecCommon( 1036): **** ERROR unknown type 0x0 (glSizeof,72)
E/eglCodecCommon( 1036): glUtilsParamSize: unknow param 0x00000b44
E/eglCodecCommon( 1036): glUtilsParamSize: unknow param 0x00000bd0
E/eglCodecCommon( 1036): **** ERROR unknown type 0x0 (glSizeof,72)
E/eglCodecCommon( 1036): **** ERROR unknown type 0x0 (glSizeof,72)
E/eglCodecCommon( 1036): glUtilsParamSize: unknow param 0x00000b44
E/eglCodecCommon( 1036): glUtilsParamSize: unknow param 0x00000bd0
E/eglCodecCommon( 1036): **** ERROR unknown type 0x0 (glSizeof,72)
E/eglCodecCommon( 1036): **** ERROR unknown type 0x0 (glSizeof,72)
E/eglCodecCommon( 1036): glUtilsParamSize: unknow param 0x00000b44
E/eglCodecCommon( 1036): glUtilsParamSize: unknow param 0x00000bd0
E/eglCodecCommon( 1036): **** ERROR unknown type 0x0 (glSizeof,72)
E/eglCodecCommon( 1036): **** ERROR unknown type 0x0 (glSizeof,72)
E/eglCodecCommon( 1036): glUtilsParamSize: unknow param 0x00000b44
E/eglCodecCommon( 1036): glUtilsParamSize: unknow param 0x00000bd0
E/eglCodecCommon( 1036): **** ERROR unknown type 0x0 (glSizeof,72)
E/eglCodecCommon( 1036): **** ERROR unknown type 0x0 (glSizeof,72)
E/eglCodecCommon( 1036): glUtilsParamSize: unknow param 0x00000b44
E/eglCodecCommon( 1036): glUtilsParamSize: unknow param 0x00000bd0
E/eglCodecCommon( 1036): **** ERROR unknown type 0x0 (glSizeof,72)
E/eglCodecCommon( 1036): **** ERROR unknown type 0x0 (glSizeof,72)
E/eglCodecCommon( 1036): glUtilsParamSize: unknow param 0x00000b44
E/eglCodecCommon( 1036): glUtilsParamSize: unknow param 0x00000bd0
E/eglCodecCommon( 1036): **** ERROR unknown type 0x0 (glSizeof,72)
E/eglCodecCommon( 1036): **** ERROR unknown type 0x0 (glSizeof,72)
E/eglCodecCommon( 1036): glUtilsParamSize: unknow param 0x00000b44
E/eglCodecCommon( 1036): glUtilsParamSize: unknow param 0x00000bd0
E/eglCodecCommon( 1036): **** ERROR unknown type 0x0 (glSizeof,72)
E/eglCodecCommon( 1036): **** ERROR unknown type 0x0 (glSizeof,72)
E/eglCodecCommon( 1036): glUtilsParamSize: unknow param 0x00000b44
E/eglCodecCommon( 1036): glUtilsParamSize: unknow param 0x00000bd0
E/eglCodecCommon( 1036): **** ERROR unknown type 0x0 (glSizeof,72)
E/eglCodecCommon( 1036): **** ERROR unknown type 0x0 (glSizeof,72)
E/eglCodecCommon( 1036): glUtilsParamSize: unknow param 0x00000b44
E/eglCodecCommon( 1036): glUtilsParamSize: unknow param 0x00000bd0
E/eglCodecCommon( 1036): **** ERROR unknown type 0x0 (glSizeof,72)
E/eglCodecCommon( 1036): **** ERROR unknown type 0x0 (glSizeof,72)
E/eglCodecCommon( 1036): glUtilsParamSize: unknow param 0x00000b44
E/eglCodecCommon( 1036): glUtilsParamSize: unknow param 0x00000bd0
E/eglCodecCommon( 1036): **** ERROR unknown type 0x0 (glSizeof,72)
E/eglCodecCommon( 1036): **** ERROR unknown type 0x0 (glSizeof,72)
E/eglCodecCommon( 1036): glUtilsParamSize: unknow param 0x00000b44
E/eglCodecCommon( 1036): glUtilsParamSize: unknow param 0x00000bd0
E/eglCodecCommon( 1036): **** ERROR unknown type 0x0 (glSizeof,72)
E/eglCodecCommon( 1036): **** ERROR unknown type 0x0 (glSizeof,72)
E/eglCodecCommon( 1036): glUtilsParamSize: unknow param 0x00000b44
E/eglCodecCommon( 1036): glUtilsParamSize: unknow param 0x00000bd0
E/eglCodecCommon( 1036): **** ERROR unknown type 0x0 (glSizeof,72)
E/eglCodecCommon( 1036): **** ERROR unknown type 0x0 (glSizeof,72)
E/eglCodecCommon( 1036): glUtilsParamSize: unknow param 0x00000b44
E/eglCodecCommon( 1036): glUtilsParamSize: unknow param 0x00000bd0
E/eglCodecCommon( 1036): **** ERROR unknown type 0x0 (glSizeof,72)
E/eglCodecCommon( 1036): **** ERROR unknown type 0x0 (glSizeof,72)
E/eglCodecCommon( 1036): glUtilsParamSize: unknow param 0x00000b44
E/eglCodecCommon( 1036): glUtilsParamSize: unknow param 0x00000bd0
E/eglCodecCommon( 1036): **** ERROR unknown type 0x0 (glSizeof,72)
E/eglCodecCommon( 1036): **** ERROR unknown type 0x0 (glSizeof,72)
E/eglCodecCommon( 1036): glUtilsParamSize: unknow param 0x00000b44
E/eglCodecCommon( 1036): glUtilsParamSize: unknow param 0x00000bd0
E/eglCodecCommon( 1036): **** ERROR unknown type 0x0 (glSizeof,72)
E/eglCodecCommon( 1036): **** ERROR unknown type 0x0 (glSizeof,72)
E/eglCodecCommon( 1036): glUtilsParamSize: unknow param 0x00000b44
E/eglCodecCommon( 1036): glUtilsParamSize: unknow param 0x00000bd0
E/eglCodecCommon( 1036): **** ERROR unknown type 0x0 (glSizeof,72)
E/eglCodecCommon( 1036): **** ERROR unknown type 0x0 (glSizeof,72)
E/eglCodecCommon( 1036): glUtilsParamSize: unknow param 0x00000b44
E/eglCodecCommon( 1036): glUtilsParamSize: unknow param 0x00000bd0
E/eglCodecCommon( 1036): **** ERROR unknown type 0x0 (glSizeof,72)
E/eglCodecCommon( 1036): **** ERROR unknown type 0x0 (glSizeof,72)
E/eglCodecCommon( 1036): glUtilsParamSize: unknow param 0x00000b44
E/eglCodecCommon( 1036): glUtilsParamSize: unknow param 0x00000bd0
E/eglCodecCommon( 1036): **** ERROR unknown type 0x0 (glSizeof,72)
E/eglCodecCommon( 1036): **** ERROR unknown type 0x0 (glSizeof,72)
E/eglCodecCommon( 1036): glUtilsParamSize: unknow param 0x00000b44
E/eglCodecCommon( 1036): glUtilsParamSize: unknow param 0x00000bd0
E/eglCodecCommon( 1036): **** ERROR unknown type 0x0 (glSizeof,72)
E/eglCodecCommon( 1036): **** ERROR unknown type 0x0 (glSizeof,72)
E/eglCodecCommon( 1036): glUtilsParamSize: unknow param 0x00000b44
E/eglCodecCommon( 1036): glUtilsParamSize: unknow param 0x00000bd0
E/eglCodecCommon( 1036): **** ERROR unknown type 0x0 (glSizeof,72)
E/eglCodecCommon( 1036): **** ERROR unknown type 0x0 (glSizeof,72)
E/eglCodecCommon( 1036): glUtilsParamSize: unknow param 0x00000b44
E/eglCodecCommon( 1036): glUtilsParamSize: unknow param 0x00000bd0
E/eglCodecCommon( 1036): **** ERROR unknown type 0x0 (glSizeof,72)
E/eglCodecCommon( 1036): **** ERROR unknown type 0x0 (glSizeof,72)
E/eglCodecCommon( 1036): glUtilsParamSize: unknow param 0x00000b44
E/eglCodecCommon( 1036): glUtilsParamSize: unknow param 0x00000bd0
E/eglCodecCommon( 1036): **** ERROR unknown type 0x0 (glSizeof,72)
E/eglCodecCommon( 1036): **** ERROR unknown type 0x0 (glSizeof,72)
E/eglCodecCommon( 1036): glUtilsParamSize: unknow param 0x00000b44
E/eglCodecCommon( 1036): glUtilsParamSize: unknow param 0x00000bd0
E/eglCodecCommon( 1036): **** ERROR unknown type 0x0 (glSizeof,72)
E/eglCodecCommon( 1036): **** ERROR unknown type 0x0 (glSizeof,72)
E/eglCodecCommon( 1036): glUtilsParamSize: unknow param 0x00000b44
E/eglCodecCommon( 1036): glUtilsParamSize: unknow param 0x00000bd0
E/eglCodecCommon( 1036): **** ERROR unknown type 0x0 (glSizeof,72)
E/eglCodecCommon( 1036): **** ERROR unknown type 0x0 (glSizeof,72)
E/eglCodecCommon( 1036): glUtilsParamSize: unknow param 0x00000b44
E/eglCodecCommon( 1036): glUtilsParamSize: unknow param 0x00000bd0
E/eglCodecCommon( 1036): **** ERROR unknown type 0x0 (glSizeof,72)
E/eglCodecCommon( 1036): **** ERROR unknown type 0x0 (glSizeof,72)
E/eglCodecCommon( 1036): glUtilsParamSize: unknow param 0x00000b44
E/eglCodecCommon( 1036): glUtilsParamSize: unknow param 0x00000bd0
E/eglCodecCommon( 1036): **** ERROR unknown type 0x0 (glSizeof,72)
E/eglCodecCommon( 1036): **** ERROR unknown type 0x0 (glSizeof,72)
E/eglCodecCommon( 1036): glUtilsParamSize: unknow param 0x00000b44
E/eglCodecCommon( 1036): glUtilsParamSize: unknow param 0x00000bd0
E/eglCodecCommon( 1036): **** ERROR unknown type 0x0 (glSizeof,72)
E/eglCodecCommon( 1036): **** ERROR unknown type 0x0 (glSizeof,72)
E/eglCodecCommon( 1036): glUtilsParamSize: unknow param 0x00000b44
E/eglCodecCommon( 1036): glUtilsParamSize: unknow param 0x00000bd0
E/eglCodecCommon( 1036): **** ERROR unknown type 0x0 (glSizeof,72)
E/eglCodecCommon( 1036): **** ERROR unknown type 0x0 (glSizeof,72)
E/eglCodecCommon( 1036): glUtilsParamSize: unknow param 0x00000b44
E/eglCodecCommon( 1036): glUtilsParamSize: unknow param 0x00000bd0
E/eglCodecCommon( 1036): **** ERROR unknown type 0x0 (glSizeof,72)
E/eglCodecCommon( 1036): **** ERROR unknown type 0x0 (glSizeof,72)
E/eglCodecCommon( 1036): glUtilsParamSize: unknow param 0x00000b44
E/eglCodecCommon( 1036): glUtilsParamSize: unknow param 0x00000bd0
E/eglCodecCommon( 1036): **** ERROR unknown type 0x0 (glSizeof,72)
E/eglCodecCommon( 1036): **** ERROR unknown type 0x0 (glSizeof,72)
E/eglCodecCommon( 1036): glUtilsParamSize: unknow param 0x00000b44
E/eglCodecCommon( 1036): glUtilsParamSize: unknow param 0x00000bd0
E/eglCodecCommon( 1036): **** ERROR unknown type 0x0 (glSizeof,72)
E/eglCodecCommon( 1036): **** ERROR unknown type 0x0 (glSizeof,72)
E/eglCodecCommon( 1036): glUtilsParamSize: unknow param 0x00000b44
E/eglCodecCommon( 1036): glUtilsParamSize: unknow param 0x00000bd0
E/eglCodecCommon( 1036): **** ERROR unknown type 0x0 (glSizeof,72)
E/eglCodecCommon( 1036): **** ERROR unknown type 0x0 (glSizeof,72)
E/eglCodecCommon( 1036): glUtilsParamSize: unknow param 0x00000b44
E/eglCodecCommon( 1036): glUtilsParamSize: unknow param 0x00000bd0
E/eglCodecCommon( 1036): **** ERROR unknown type 0x0 (glSizeof,72)
E/eglCodecCommon( 1036): **** ERROR unknown type 0x0 (glSizeof,72)
E/eglCodecCommon( 1036): glUtilsParamSize: unknow param 0x00000b44
E/eglCodecCommon( 1036): glUtilsParamSize: unknow param 0x00000bd0
E/eglCodecCommon( 1036): **** ERROR unknown type 0x0 (glSizeof,72)
E/eglCodecCommon( 1036): **** ERROR unknown type 0x0 (glSizeof,72)
E/eglCodecCommon( 1036): glUtilsParamSize: unknow param 0x00000b44
E/eglCodecCommon( 1036): glUtilsParamSize: unknow param 0x00000bd0
E/eglCodecCommon( 1036): **** ERROR unknown type 0x0 (glSizeof,72)
E/eglCodecCommon( 1036): **** ERROR unknown type 0x0 (glSizeof,72)
E/eglCodecCommon( 1036): glUtilsParamSize: unknow param 0x00000b44
E/eglCodecCommon( 1036): glUtilsParamSize: unknow param 0x00000bd0
E/eglCodecCommon( 1036): **** ERROR unknown type 0x0 (glSizeof,72)
E/eglCodecCommon( 1036): **** ERROR unknown type 0x0 (glSizeof,72)
E/eglCodecCommon( 1036): glUtilsParamSize: unknow param 0x00000b44
E/eglCodecCommon( 1036): glUtilsParamSize: unknow param 0x00000bd0
E/eglCodecCommon( 1036): **** ERROR unknown type 0x0 (glSizeof,72)
E/eglCodecCommon( 1036): **** ERROR unknown type 0x0 (glSizeof,72)
E/eglCodecCommon( 1036): glUtilsParamSize: unknow param 0x00000b44
E/eglCodecCommon( 1036): glUtilsParamSize: unknow param 0x00000bd0
E/eglCodecCommon( 1036): **** ERROR unknown type 0x0 (glSizeof,72)
E/eglCodecCommon( 1036): **** ERROR unknown type 0x0 (glSizeof,72)
E/eglCodecCommon( 1036): glUtilsParamSize: unknow param 0x00000b44
E/eglCodecCommon( 1036): glUtilsParamSize: unknow param 0x00000bd0
E/eglCodecCommon( 1036): **** ERROR unknown type 0x0 (glSizeof,72)
E/eglCodecCommon( 1036): **** ERROR unknown type 0x0 (glSizeof,72)
E/eglCodecCommon( 1036): glUtilsParamSize: unknow param 0x00000b44
E/eglCodecCommon( 1036): glUtilsParamSize: unknow param 0x00000bd0
E/eglCodecCommon( 1036): **** ERROR unknown type 0x0 (glSizeof,72)
E/eglCodecCommon( 1036): **** ERROR unknown type 0x0 (glSizeof,72)
E/eglCodecCommon( 1036): glUtilsParamSize: unknow param 0x00000b44
E/eglCodecCommon( 1036): glUtilsParamSize: unknow param 0x00000bd0
E/eglCodecCommon( 1036): **** ERROR unknown type 0x0 (glSizeof,72)
E/eglCodecCommon( 1036): **** ERROR unknown type 0x0 (glSizeof,72)
E/eglCodecCommon( 1036): glUtilsParamSize: unknow param 0x00000b44
E/eglCodecCommon( 1036): glUtilsParamSize: unknow param 0x00000bd0
E/eglCodecCommon( 1036): **** ERROR unknown type 0x0 (glSizeof,72)
E/eglCodecCommon( 1036): **** ERROR unknown type 0x0 (glSizeof,72)
E/eglCodecCommon( 1036): glUtilsParamSize: unknow param 0x00000b44
E/eglCodecCommon( 1036): glUtilsParamSize: unknow param 0x00000bd0
E/eglCodecCommon( 1036): **** ERROR unknown type 0x0 (glSizeof,72)
E/eglCodecCommon( 1036): **** ERROR unknown type 0x0 (glSizeof,72)
E/eglCodecCommon( 1036): glUtilsParamSize: unknow param 0x00000b44
E/eglCodecCommon( 1036): glUtilsParamSize: unknow param 0x00000bd0
E/eglCodecCommon( 1036): **** ERROR unknown type 0x0 (glSizeof,72)
E/eglCodecCommon( 1036): **** ERROR unknown type 0x0 (glSizeof,72)
E/eglCodecCommon( 1036): glUtilsParamSize: unknow param 0x00000b44
E/eglCodecCommon( 1036): glUtilsParamSize: unknow param 0x00000bd0
E/eglCodecCommon( 1036): **** ERROR unknown type 0x0 (glSizeof,72)
E/eglCodecCommon( 1036): **** ERROR unknown type 0x0 (glSizeof,72)
E/eglCodecCommon( 1036): glUtilsParamSize: unknow param 0x00000b44
E/eglCodecCommon( 1036): glUtilsParamSize: unknow param 0x00000bd0
E/eglCodecCommon( 1036): **** ERROR unknown type 0x0 (glSizeof,72)
E/eglCodecCommon( 1036): **** ERROR unknown type 0x0 (glSizeof,72)
E/eglCodecCommon( 1036): glUtilsParamSize: unknow param 0x00000b44
E/eglCodecCommon( 1036): glUtilsParamSize: unknow param 0x00000bd0
E/eglCodecCommon( 1036): **** ERROR unknown type 0x0 (glSizeof,72)
E/eglCodecCommon( 1036): **** ERROR unknown type 0x0 (glSizeof,72)
E/eglCodecCommon( 1036): glUtilsParamSize: unknow param 0x00000b44
E/eglCodecCommon( 1036): glUtilsParamSize: unknow param 0x00000bd0
E/eglCodecCommon( 1036): **** ERROR unknown type 0x0 (glSizeof,72)
E/eglCodecCommon( 1036): **** ERROR unknown type 0x0 (glSizeof,72)
E/eglCodecCommon( 1036): glUtilsParamSize: unknow param 0x00000b44
E/eglCodecCommon( 1036): glUtilsParamSize: unknow param 0x00000bd0
E/eglCodecCommon( 1036): **** ERROR unknown type 0x0 (glSizeof,72)
E/eglCodecCommon( 1036): **** ERROR unknown type 0x0 (glSizeof,72)
E/eglCodecCommon( 1036): glUtilsParamSize: unknow param 0x00000b44
E/eglCodecCommon( 1036): glUtilsParamSize: unknow param 0x00000bd0
E/eglCodecCommon( 1036): **** ERROR unknown type 0x0 (glSizeof,72)
E/eglCodecCommon( 1036): **** ERROR unknown type 0x0 (glSizeof,72)
E/eglCodecCommon( 1036): glUtilsParamSize: unknow param 0x00000b44
E/eglCodecCommon( 1036): glUtilsParamSize: unknow param 0x00000bd0
E/eglCodecCommon( 1036): **** ERROR unknown type 0x0 (glSizeof,72)
E/eglCodecCommon( 1036): **** ERROR unknown type 0x0 (glSizeof,72)
E/eglCodecCommon( 1036): glUtilsParamSize: unknow param 0x00000b44
E/eglCodecCommon( 1036): glUtilsParamSize: unknow param 0x00000bd0
E/eglCodecCommon( 1036): **** ERROR unknown type 0x0 (glSizeof,72)
E/eglCodecCommon( 1036): **** ERROR unknown type 0x0 (glSizeof,72)
E/eglCodecCommon( 1036): glUtilsParamSize: unknow param 0x00000b44
E/eglCodecCommon( 1036): glUtilsParamSize: unknow param 0x00000bd0
E/eglCodecCommon( 1036): **** ERROR unknown type 0x0 (glSizeof,72)
E/eglCodecCommon( 1036): **** ERROR unknown type 0x0 (glSizeof,72)
E/eglCodecCommon( 1036): glUtilsParamSize: unknow param 0x00000b44
E/eglCodecCommon( 1036): glUtilsParamSize: unknow param 0x00000bd0
E/eglCodecCommon( 1036): **** ERROR unknown type 0x0 (glSizeof,72)
E/eglCodecCommon( 1036): **** ERROR unknown type 0x0 (glSizeof,72)
E/eglCodecCommon( 1036): glUtilsParamSize: unknow param 0x00000b44
E/eglCodecCommon( 1036): glUtilsParamSize: unknow param 0x00000bd0
E/eglCodecCommon( 1036): **** ERROR unknown type 0x0 (glSizeof,72)
E/eglCodecCommon( 1036): **** ERROR unknown type 0x0 (glSizeof,72)
E/eglCodecCommon( 1036): glUtilsParamSize: unknow param 0x00000b44
E/eglCodecCommon( 1036): glUtilsParamSize: unknow param 0x00000bd0
E/eglCodecCommon( 1036): **** ERROR unknown type 0x0 (glSizeof,72)
E/eglCodecCommon( 1036): **** ERROR unknown type 0x0 (glSizeof,72)
E/eglCodecCommon( 1036): glUtilsParamSize: unknow param 0x00000b44
E/eglCodecCommon( 1036): glUtilsParamSize: unknow param 0x00000bd0
E/eglCodecCommon( 1036): **** ERROR unknown type 0x0 (glSizeof,72)
E/eglCodecCommon( 1036): **** ERROR unknown type 0x0 (glSizeof,72)
E/eglCodecCommon( 1036): glUtilsParamSize: unknow param 0x00000b44
E/eglCodecCommon( 1036): glUtilsParamSize: unknow param 0x00000bd0
E/eglCodecCommon( 1036): **** ERROR unknown type 0x0 (glSizeof,72)
E/eglCodecCommon( 1036): **** ERROR unknown type 0x0 (glSizeof,72)
E/eglCodecCommon( 1036): glUtilsParamSize: unknow param 0x00000b44
E/eglCodecCommon( 1036): glUtilsParamSize: unknow param 0x00000bd0
E/eglCodecCommon( 1036): **** ERROR unknown type 0x0 (glSizeof,72)
E/eglCodecCommon( 1036): **** ERROR unknown type 0x0 (glSizeof,72)
E/eglCodecCommon( 1036): glUtilsParamSize: unknow param 0x00000b44
E/eglCodecCommon( 1036): glUtilsParamSize: unknow param 0x00000bd0
E/eglCodecCommon( 1036): **** ERROR unknown type 0x0 (glSizeof,72)
E/eglCodecCommon( 1036): **** ERROR unknown type 0x0 (glSizeof,72)
E/eglCodecCommon( 1036): glUtilsParamSize: unknow param 0x00000b44
E/eglCodecCommon( 1036): glUtilsParamSize: unknow param 0x00000bd0
E/eglCodecCommon( 1036): **** ERROR unknown type 0x0 (glSizeof,72)
E/eglCodecCommon( 1036): **** ERROR unknown type 0x0 (glSizeof,72)
E/eglCodecCommon( 1036): glUtilsParamSize: unknow param 0x00000b44
E/eglCodecCommon( 1036): glUtilsParamSize: unknow param 0x00000bd0
E/eglCodecCommon( 1036): **** ERROR unknown type 0x0 (glSizeof,72)
E/eglCodecCommon( 1036): **** ERROR unknown type 0x0 (glSizeof,72)
E/eglCodecCommon( 1036): glUtilsParamSize: unknow param 0x00000b44
E/eglCodecCommon( 1036): glUtilsParamSize: unknow param 0x00000bd0
E/eglCodecCommon( 1036): **** ERROR unknown type 0x0 (glSizeof,72)
E/eglCodecCommon( 1036): **** ERROR unknown type 0x0 (glSizeof,72)
E/eglCodecCommon( 1036): glUtilsParamSize: unknow param 0x00000b44
E/eglCodecCommon( 1036): glUtilsParamSize: unknow param 0x00000bd0
E/eglCodecCommon( 1036): **** ERROR unknown type 0x0 (glSizeof,72)
E/eglCodecCommon( 1036): **** ERROR unknown type 0x0 (glSizeof,72)
E/eglCodecCommon( 1036): glUtilsParamSize: unknow param 0x00000b44
E/eglCodecCommon( 1036): glUtilsParamSize: unknow param 0x00000bd0
E/eglCodecCommon( 1036): **** ERROR unknown type 0x0 (glSizeof,72)
E/eglCodecCommon( 1036): **** ERROR unknown type 0x0 (glSizeof,72)
E/eglCodecCommon( 1036): glUtilsParamSize: unknow param 0x00000b44
E/eglCodecCommon( 1036): glUtilsParamSize: unknow param 0x00000bd0
E/eglCodecCommon( 1036): **** ERROR unknown type 0x0 (glSizeof,72)
E/eglCodecCommon( 1036): **** ERROR unknown type 0x0 (glSizeof,72)
E/eglCodecCommon( 1036): glUtilsParamSize: unknow param 0x00000b44
E/eglCodecCommon( 1036): glUtilsParamSize: unknow param 0x00000bd0
E/eglCodecCommon( 1036): **** ERROR unknown type 0x0 (glSizeof,72)
E/eglCodecCommon( 1036): **** ERROR unknown type 0x0 (glSizeof,72)
E/eglCodecCommon( 1036): glUtilsParamSize: unknow param 0x00000b44
E/eglCodecCommon( 1036): glUtilsParamSize: unknow param 0x00000bd0
E/eglCodecCommon( 1036): **** ERROR unknown type 0x0 (glSizeof,72)
E/eglCodecCommon( 1036): **** ERROR unknown type 0x0 (glSizeof,72)
E/eglCodecCommon( 1036): glUtilsParamSize: unknow param 0x00000b44
E/eglCodecCommon( 1036): glUtilsParamSize: unknow param 0x00000bd0
E/eglCodecCommon( 1036): **** ERROR unknown type 0x0 (glSizeof,72)
E/eglCodecCommon( 1036): **** ERROR unknown type 0x0 (glSizeof,72)
E/eglCodecCommon( 1036): glUtilsParamSize: unknow param 0x00000b44
E/eglCodecCommon( 1036): glUtilsParamSize: unknow param 0x00000bd0
E/eglCodecCommon( 1036): **** ERROR unknown type 0x0 (glSizeof,72)
E/eglCodecCommon( 1036): **** ERROR unknown type 0x0 (glSizeof,72)
E/eglCodecCommon( 1036): glUtilsParamSize: unknow param 0x00000b44
E/eglCodecCommon( 1036): glUtilsParamSize: unknow param 0x00000bd0
E/eglCodecCommon( 1036): **** ERROR unknown type 0x0 (glSizeof,72)
E/eglCodecCommon( 1036): **** ERROR unknown type 0x0 (glSizeof,72)
E/eglCodecCommon( 1036): glUtilsParamSize: unknow param 0x00000b44
E/eglCodecCommon( 1036): glUtilsParamSize: unknow param 0x00000bd0
E/eglCodecCommon( 1036): **** ERROR unknown type 0x0 (glSizeof,72)
E/eglCodecCommon( 1036): **** ERROR unknown type 0x0 (glSizeof,72)
E/eglCodecCommon( 1036): glUtilsParamSize: unknow param 0x00000b44
E/eglCodecCommon( 1036): glUtilsParamSize: unknow param 0x00000bd0
E/eglCodecCommon( 1036): **** ERROR unknown type 0x0 (glSizeof,72)
E/eglCodecCommon( 1036): **** ERROR unknown type 0x0 (glSizeof,72)
E/eglCodecCommon( 1036): glUtilsParamSize: unknow param 0x00000b44
E/eglCodecCommon( 1036): glUtilsParamSize: unknow param 0x00000bd0
E/eglCodecCommon( 1036): **** ERROR unknown type 0x0 (glSizeof,72)
E/eglCodecCommon( 1036): **** ERROR unknown type 0x0 (glSizeof,72)
E/eglCodecCommon( 1036): glUtilsParamSize: unknow param 0x00000b44
E/eglCodecCommon( 1036): glUtilsParamSize: unknow param 0x00000bd0
E/eglCodecCommon( 1036): **** ERROR unknown type 0x0 (glSizeof,72)
E/eglCodecCommon( 1036): **** ERROR unknown type 0x0 (glSizeof,72)
E/eglCodecCommon( 1036): glUtilsParamSize: unknow param 0x00000b44
E/eglCodecCommon( 1036): glUtilsParamSize: unknow param 0x00000bd0
E/eglCodecCommon( 1036): **** ERROR unknown type 0x0 (glSizeof,72)
E/eglCodecCommon( 1036): **** ERROR unknown type 0x0 (glSizeof,72)
E/eglCodecCommon( 1036): glUtilsParamSize: unknow param 0x00000b44
E/eglCodecCommon( 1036): glUtilsParamSize: unknow param 0x00000bd0
E/eglCodecCommon( 1036): **** ERROR unknown type 0x0 (glSizeof,72)
E/eglCodecCommon( 1036): **** ERROR unknown type 0x0 (glSizeof,72)
E/eglCodecCommon( 1036): glUtilsParamSize: unknow param 0x00000b44
E/eglCodecCommon( 1036): glUtilsParamSize: unknow param 0x00000bd0
E/eglCodecCommon( 1036): **** ERROR unknown type 0x0 (glSizeof,72)
E/eglCodecCommon( 1036): **** ERROR unknown type 0x0 (glSizeof,72)
E/eglCodecCommon( 1036): glUtilsParamSize: unknow param 0x00000b44
E/eglCodecCommon( 1036): glUtilsParamSize: unknow param 0x00000bd0
E/eglCodecCommon( 1036): **** ERROR unknown type 0x0 (glSizeof,72)
E/eglCodecCommon( 1036): **** ERROR unknown type 0x0 (glSizeof,72)
E/eglCodecCommon( 1036): glUtilsParamSize: unknow param 0x00000b44
E/eglCodecCommon( 1036): glUtilsParamSize: unknow param 0x00000bd0
E/eglCodecCommon( 1036): **** ERROR unknown type 0x0 (glSizeof,72)
E/eglCodecCommon( 1036): **** ERROR unknown type 0x0 (glSizeof,72)
E/eglCodecCommon( 1036): glUtilsParamSize: unknow param 0x00000b44
E/eglCodecCommon( 1036): glUtilsParamSize: unknow param 0x00000bd0
E/eglCodecCommon( 1036): **** ERROR unknown type 0x0 (glSizeof,72)
E/eglCodecCommon( 1036): **** ERROR unknown type 0x0 (glSizeof,72)
E/eglCodecCommon( 1036): glUtilsParamSize: unknow param 0x00000b44
E/eglCodecCommon( 1036): glUtilsParamSize: unknow param 0x00000bd0
E/eglCodecCommon( 1036): **** ERROR unknown type 0x0 (glSizeof,72)
E/eglCodecCommon( 1036): **** ERROR unknown type 0x0 (glSizeof,72)
E/eglCodecCommon( 1036): glUtilsParamSize: unknow param 0x00000b44
E/eglCodecCommon( 1036): glUtilsParamSize: unknow param 0x00000bd0
E/eglCodecCommon( 1036): **** ERROR unknown type 0x0 (glSizeof,72)
E/eglCodecCommon( 1036): **** ERROR unknown type 0x0 (glSizeof,72)
E/eglCodecCommon( 1036): glUtilsParamSize: unknow param 0x00000b44
E/eglCodecCommon( 1036): glUtilsParamSize: unknow param 0x00000bd0
E/eglCodecCommon( 1036): **** ERROR unknown type 0x0 (glSizeof,72)
E/eglCodecCommon( 1036): **** ERROR unknown type 0x0 (glSizeof,72)
E/eglCodecCommon( 1036): glUtilsParamSize: unknow param 0x00000b44
E/eglCodecCommon( 1036): glUtilsParamSize: unknow param 0x00000bd0
E/eglCodecCommon( 1036): **** ERROR unknown type 0x0 (glSizeof,72)
E/eglCodecCommon( 1036): **** ERROR unknown type 0x0 (glSizeof,72)
E/eglCodecCommon( 1036): glUtilsParamSize: unknow param 0x00000b44
E/eglCodecCommon( 1036): glUtilsParamSize: unknow param 0x00000bd0
E/eglCodecCommon( 1036): **** ERROR unknown type 0x0 (glSizeof,72)
E/eglCodecCommon( 1036): **** ERROR unknown type 0x0 (glSizeof,72)
E/eglCodecCommon( 1036): glUtilsParamSize: unknow param 0x00000b44
E/eglCodecCommon( 1036): glUtilsParamSize: unknow param 0x00000bd0
E/eglCodecCommon( 1036): **** ERROR unknown type 0x0 (glSizeof,72)
E/eglCodecCommon( 1036): **** ERROR unknown type 0x0 (glSizeof,72)
E/eglCodecCommon( 1036): glUtilsParamSize: unknow param 0x00000b44
E/eglCodecCommon( 1036): glUtilsParamSize: unknow param 0x00000bd0
E/eglCodecCommon( 1036): **** ERROR unknown type 0x0 (glSizeof,72)
E/eglCodecCommon( 1036): **** ERROR unknown type 0x0 (glSizeof,72)
E/eglCodecCommon( 1036): glUtilsParamSize: unknow param 0x00000b44
E/eglCodecCommon( 1036): glUtilsParamSize: unknow param 0x00000bd0
E/eglCodecCommon( 1036): **** ERROR unknown type 0x0 (glSizeof,72)
E/eglCodecCommon( 1036): **** ERROR unknown type 0x0 (glSizeof,72)
E/eglCodecCommon( 1036): glUtilsParamSize: unknow param 0x00000b44
E/eglCodecCommon( 1036): glUtilsParamSize: unknow param 0x00000bd0
E/eglCodecCommon( 1036): **** ERROR unknown type 0x0 (glSizeof,72)
E/eglCodecCommon( 1036): **** ERROR unknown type 0x0 (glSizeof,72)
E/eglCodecCommon( 1036): glUtilsParamSize: unknow param 0x00000b44
E/eglCodecCommon( 1036): glUtilsParamSize: unknow param 0x00000bd0
E/eglCodecCommon( 1036): **** ERROR unknown type 0x0 (glSizeof,72)
E/eglCodecCommon( 1036): **** ERROR unknown type 0x0 (glSizeof,72)
E/eglCodecCommon( 1036): glUtilsParamSize: unknow param 0x00000b44
E/eglCodecCommon( 1036): glUtilsParamSize: unknow param 0x00000bd0
E/eglCodecCommon( 1036): **** ERROR unknown type 0x0 (glSizeof,72)
E/eglCodecCommon( 1036): **** ERROR unknown type 0x0 (glSizeof,72)
E/eglCodecCommon( 1036): glUtilsParamSize: unknow param 0x00000b44
E/eglCodecCommon( 1036): glUtilsParamSize: unknow param 0x00000bd0
E/eglCodecCommon( 1036): **** ERROR unknown type 0x0 (glSizeof,72)
E/eglCodecCommon( 1036): **** ERROR unknown type 0x0 (glSizeof,72)
E/eglCodecCommon( 1036): glUtilsParamSize: unknow param 0x00000b44
E/eglCodecCommon( 1036): glUtilsParamSize: unknow param 0x00000bd0
E/eglCodecCommon( 1036): **** ERROR unknown type 0x0 (glSizeof,72)
E/eglCodecCommon( 1036): **** ERROR unknown type 0x0 (glSizeof,72)
E/eglCodecCommon( 1036): glUtilsParamSize: unknow param 0x00000b44
E/eglCodecCommon( 1036): glUtilsParamSize: unknow param 0x00000bd0
E/eglCodecCommon( 1036): **** ERROR unknown type 0x0 (glSizeof,72)
E/eglCodecCommon( 1036): **** ERROR unknown type 0x0 (glSizeof,72)
E/eglCodecCommon( 1036): glUtilsParamSize: unknow param 0x00000b44
E/eglCodecCommon( 1036): glUtilsParamSize: unknow param 0x00000bd0
E/eglCodecCommon( 1036): **** ERROR unknown type 0x0 (glSizeof,72)
E/eglCodecCommon( 1036): **** ERROR unknown type 0x0 (glSizeof,72)
E/eglCodecCommon( 1036): glUtilsParamSize: unknow param 0x00000b44
E/eglCodecCommon( 1036): glUtilsParamSize: unknow param 0x00000bd0
E/eglCodecCommon( 1036): **** ERROR unknown type 0x0 (glSizeof,72)
E/eglCodecCommon( 1036): **** ERROR unknown type 0x0 (glSizeof,72)
E/eglCodecCommon( 1036): glUtilsParamSize: unknow param 0x00000b44
E/eglCodecCommon( 1036): glUtilsParamSize: unknow param 0x00000bd0
E/eglCodecCommon( 1036): **** ERROR unknown type 0x0 (glSizeof,72)
E/eglCodecCommon( 1036): **** ERROR unknown type 0x0 (glSizeof,72)
E/eglCodecCommon( 1036): glUtilsParamSize: unknow param 0x00000b44
E/eglCodecCommon( 1036): glUtilsParamSize: unknow param 0x00000bd0
E/eglCodecCommon( 1036): **** ERROR unknown type 0x0 (glSizeof,72)
E/eglCodecCommon( 1036): **** ERROR unknown type 0x0 (glSizeof,72)
E/eglCodecCommon( 1036): glUtilsParamSize: unknow param 0x00000b44
E/eglCodecCommon( 1036): glUtilsParamSize: unknow param 0x00000bd0
E/eglCodecCommon( 1036): **** ERROR unknown type 0x0 (glSizeof,72)
E/eglCodecCommon( 1036): **** ERROR unknown type 0x0 (glSizeof,72)
E/eglCodecCommon( 1036): glUtilsParamSize: unknow param 0x00000b44
E/eglCodecCommon( 1036): glUtilsParamSize: unknow param 0x00000bd0
E/eglCodecCommon( 1036): **** ERROR unknown type 0x0 (glSizeof,72)
E/eglCodecCommon( 1036): **** ERROR unknown type 0x0 (glSizeof,72)
E/eglCodecCommon( 1036): glUtilsParamSize: unknow param 0x00000b44
E/eglCodecCommon( 1036): glUtilsParamSize: unknow param 0x00000bd0
E/eglCodecCommon( 1036): **** ERROR unknown type 0x0 (glSizeof,72)
E/eglCodecCommon( 1036): **** ERROR unknown type 0x0 (glSizeof,72)
E/eglCodecCommon( 1036): glUtilsParamSize: unknow param 0x00000b44
E/eglCodecCommon( 1036): glUtilsParamSize: unknow param 0x00000bd0
E/eglCodecCommon( 1036): **** ERROR unknown type 0x0 (glSizeof,72)
E/eglCodecCommon( 1036): **** ERROR unknown type 0x0 (glSizeof,72)
E/eglCodecCommon( 1036): glUtilsParamSize: unknow param 0x00000b44
E/eglCodecCommon( 1036): glUtilsParamSize: unknow param 0x00000bd0
E/eglCodecCommon( 1036): **** ERROR unknown type 0x0 (glSizeof,72)
E/eglCodecCommon( 1036): **** ERROR unknown type 0x0 (glSizeof,72)
E/eglCodecCommon( 1036): glUtilsParamSize: unknow param 0x00000b44
E/eglCodecCommon( 1036): glUtilsParamSize: unknow param 0x00000bd0
E/eglCodecCommon( 1036): **** ERROR unknown type 0x0 (glSizeof,72)
E/eglCodecCommon( 1036): **** ERROR unknown type 0x0 (glSizeof,72)
E/eglCodecCommon( 1036): glUtilsParamSize: unknow param 0x00000b44
E/eglCodecCommon( 1036): glUtilsParamSize: unknow param 0x00000bd0
E/eglCodecCommon( 1036): **** ERROR unknown type 0x0 (glSizeof,72)
E/eglCodecCommon( 1036): **** ERROR unknown type 0x0 (glSizeof,72)
E/eglCodecCommon( 1036): glUtilsParamSize: unknow param 0x00000b44
E/eglCodecCommon( 1036): glUtilsParamSize: unknow param 0x00000bd0
E/eglCodecCommon( 1036): **** ERROR unknown type 0x0 (glSizeof,72)
E/eglCodecCommon( 1036): **** ERROR unknown type 0x0 (glSizeof,72)
E/eglCodecCommon( 1036): glUtilsParamSize: unknow param 0x00000b44
E/eglCodecCommon( 1036): glUtilsParamSize: unknow param 0x00000bd0
E/eglCodecCommon( 1036): **** ERROR unknown type 0x0 (glSizeof,72)
E/eglCodecCommon( 1036): **** ERROR unknown type 0x0 (glSizeof,72)
E/eglCodecCommon( 1036): glUtilsParamSize: unknow param 0x00000b44
E/eglCodecCommon( 1036): glUtilsParamSize: unknow param 0x00000bd0
E/eglCodecCommon( 1036): **** ERROR unknown type 0x0 (glSizeof,72)
E/eglCodecCommon( 1036): **** ERROR unknown type 0x0 (glSizeof,72)
D/MobileDataStateTracker(  354): default: setPolicyDataEnable(enabled=true)
E/eglCodecCommon( 1036): glUtilsParamSize: unknow param 0x00000b44
E/eglCodecCommon( 1036): glUtilsParamSize: unknow param 0x00000bd0
E/eglCodecCommon( 1036): **** ERROR unknown type 0x0 (glSizeof,72)
E/eglCodecCommon( 1036): **** ERROR unknown type 0x0 (glSizeof,72)
E/eglCodecCommon( 1036): glUtilsParamSize: unknow param 0x00000b44
E/eglCodecCommon( 1036): glUtilsParamSize: unknow param 0x00000bd0
E/eglCodecCommon( 1036): **** ERROR unknown type 0x0 (glSizeof,72)
E/eglCodecCommon( 1036): **** ERROR unknown type 0x0 (glSizeof,72)
E/eglCodecCommon( 1036): glUtilsParamSize: unknow param 0x00000b44
E/eglCodecCommon( 1036): glUtilsParamSize: unknow param 0x00000bd0
E/eglCodecCommon( 1036): **** ERROR unknown type 0x0 (glSizeof,72)
E/eglCodecCommon( 1036): **** ERROR unknown type 0x0 (glSizeof,72)
E/eglCodecCommon( 1036): glUtilsParamSize: unknow param 0x00000b44
E/eglCodecCommon( 1036): glUtilsParamSize: unknow param 0x00000bd0
E/eglCodecCommon( 1036): **** ERROR unknown type 0x0 (glSizeof,72)
E/eglCodecCommon( 1036): **** ERROR unknown type 0x0 (glSizeof,72)
E/eglCodecCommon( 1036): glUtilsParamSize: unknow param 0x00000b44
E/eglCodecCommon( 1036): glUtilsParamSize: unknow param 0x00000bd0
E/eglCodecCommon( 1036): **** ERROR unknown type 0x0 (glSizeof,72)
E/eglCodecCommon( 1036): **** ERROR unknown type 0x0 (glSizeof,72)
E/eglCodecCommon( 1036): glUtilsParamSize: unknow param 0x00000b44
E/eglCodecCommon( 1036): glUtilsParamSize: unknow param 0x00000bd0
E/eglCodecCommon( 1036): **** ERROR unknown type 0x0 (glSizeof,72)
E/eglCodecCommon( 1036): **** ERROR unknown type 0x0 (glSizeof,72)
E/eglCodecCommon( 1036): glUtilsParamSize: unknow param 0x00000b44
E/eglCodecCommon( 1036): glUtilsParamSize: unknow param 0x00000bd0
E/eglCodecCommon( 1036): **** ERROR unknown type 0x0 (glSizeof,72)
E/eglCodecCommon( 1036): **** ERROR unknown type 0x0 (glSizeof,72)
E/eglCodecCommon( 1036): glUtilsParamSize: unknow param 0x00000b44
E/eglCodecCommon( 1036): glUtilsParamSize: unknow param 0x00000bd0
E/eglCodecCommon( 1036): **** ERROR unknown type 0x0 (glSizeof,72)
E/eglCodecCommon( 1036): **** ERROR unknown type 0x0 (glSizeof,72)
E/eglCodecCommon( 1036): glUtilsParamSize: unknow param 0x00000b44
E/eglCodecCommon( 1036): glUtilsParamSize: unknow param 0x00000bd0
E/eglCodecCommon( 1036): **** ERROR unknown type 0x0 (glSizeof,72)
E/eglCodecCommon( 1036): **** ERROR unknown type 0x0 (glSizeof,72)
E/eglCodecCommon( 1036): glUtilsParamSize: unknow param 0x00000b44
D/AndroidRuntime( 1105): 
D/AndroidRuntime( 1105): >>>>>> AndroidRuntime START com.android.internal.os.RuntimeInit <<<<<<
D/AndroidRuntime( 1105): CheckJNI is ON
E/eglCodecCommon( 1036): glUtilsParamSize: unknow param 0x00000bd0
E/eglCodecCommon( 1036): **** ERROR unknown type 0x0 (glSizeof,72)
E/eglCodecCommon( 1036): **** ERROR unknown type 0x0 (glSizeof,72)
D/dalvikvm( 1105): Trying to load lib libjavacore.so 0x0
D/dalvikvm( 1105): Added shared lib libjavacore.so 0x0
E/eglCodecCommon( 1036): glUtilsParamSize: unknow param 0x00000b44
E/eglCodecCommon( 1036): glUtilsParamSize: unknow param 0x00000bd0
E/eglCodecCommon( 1036): **** ERROR unknown type 0x0 (glSizeof,72)
E/eglCodecCommon( 1036): **** ERROR unknown type 0x0 (glSizeof,72)
D/dalvikvm( 1105): Trying to load lib libnativehelper.so 0x0
D/dalvikvm( 1105): Added shared lib libnativehelper.so 0x0
D/dalvikvm( 1105): No JNI_OnLoad found in libnativehelper.so 0x0, skipping init
E/eglCodecCommon( 1036): glUtilsParamSize: unknow param 0x00000b44
E/eglCodecCommon( 1036): glUtilsParamSize: unknow param 0x00000bd0
E/eglCodecCommon( 1036): **** ERROR unknown type 0x0 (glSizeof,72)
E/eglCodecCommon( 1036): **** ERROR unknown type 0x0 (glSizeof,72)
E/eglCodecCommon( 1036): glUtilsParamSize: unknow param 0x00000b44
E/eglCodecCommon( 1036): glUtilsParamSize: unknow param 0x00000bd0
E/eglCodecCommon( 1036): **** ERROR unknown type 0x0 (glSizeof,72)
E/eglCodecCommon( 1036): **** ERROR unknown type 0x0 (glSizeof,72)
E/eglCodecCommon( 1036): glUtilsParamSize: unknow param 0x00000b44
E/eglCodecCommon( 1036): glUtilsParamSize: unknow param 0x00000bd0
E/eglCodecCommon( 1036): **** ERROR unknown type 0x0 (glSizeof,72)
E/eglCodecCommon( 1036): **** ERROR unknown type 0x0 (glSizeof,72)
D/dalvikvm( 1105): Note: class Landroid/app/ActivityManagerNative; has 179 unimplemented (abstract) methods
E/eglCodecCommon( 1036): glUtilsParamSize: unknow param 0x00000b44
E/eglCodecCommon( 1036): glUtilsParamSize: unknow param 0x00000bd0
E/eglCodecCommon( 1036): **** ERROR unknown type 0x0 (glSizeof,72)
E/eglCodecCommon( 1036): **** ERROR unknown type 0x0 (glSizeof,72)
E/eglCodecCommon( 1036): glUtilsParamSize: unknow param 0x00000b44
E/eglCodecCommon( 1036): glUtilsParamSize: unknow param 0x00000bd0
E/eglCodecCommon( 1036): **** ERROR unknown type 0x0 (glSizeof,72)
E/eglCodecCommon( 1036): **** ERROR unknown type 0x0 (glSizeof,72)
E/eglCodecCommon( 1036): glUtilsParamSize: unknow param 0x00000b44
E/eglCodecCommon( 1036): glUtilsParamSize: unknow param 0x00000bd0
E/eglCodecCommon( 1036): **** ERROR unknown type 0x0 (glSizeof,72)
E/eglCodecCommon( 1036): **** ERROR unknown type 0x0 (glSizeof,72)
E/eglCodecCommon( 1036): glUtilsParamSize: unknow param 0x00000b44
E/eglCodecCommon( 1036): glUtilsParamSize: unknow param 0x00000bd0
E/eglCodecCommon( 1036): **** ERROR unknown type 0x0 (glSizeof,72)
E/eglCodecCommon( 1036): **** ERROR unknown type 0x0 (glSizeof,72)
E/eglCodecCommon( 1036): glUtilsParamSize: unknow param 0x00000b44
E/eglCodecCommon( 1036): glUtilsParamSize: unknow param 0x00000bd0
E/eglCodecCommon( 1036): **** ERROR unknown type 0x0 (glSizeof,72)
E/eglCodecCommon( 1036): **** ERROR unknown type 0x0 (glSizeof,72)
E/eglCodecCommon( 1036): glUtilsParamSize: unknow param 0x00000b44
E/eglCodecCommon( 1036): glUtilsParamSize: unknow param 0x00000bd0
E/eglCodecCommon( 1036): **** ERROR unknown type 0x0 (glSizeof,72)
E/eglCodecCommon( 1036): **** ERROR unknown type 0x0 (glSizeof,72)
E/eglCodecCommon( 1036): glUtilsParamSize: unknow param 0x00000b44
E/eglCodecCommon( 1036): glUtilsParamSize: unknow param 0x00000bd0
E/eglCodecCommon( 1036): **** ERROR unknown type 0x0 (glSizeof,72)
E/eglCodecCommon( 1036): **** ERROR unknown type 0x0 (glSizeof,72)
E/eglCodecCommon( 1036): glUtilsParamSize: unknow param 0x00000b44
E/eglCodecCommon( 1036): glUtilsParamSize: unknow param 0x00000bd0
E/eglCodecCommon( 1036): **** ERROR unknown type 0x0 (glSizeof,72)
E/eglCodecCommon( 1036): **** ERROR unknown type 0x0 (glSizeof,72)
E/memtrack( 1105): Couldn't load memtrack module (No such file or directory)
E/android.os.Debug( 1105): failed to load memtrack module: -2
E/eglCodecCommon( 1036): glUtilsParamSize: unknow param 0x00000b44
E/eglCodecCommon( 1036): glUtilsParamSize: unknow param 0x00000bd0
E/eglCodecCommon( 1036): **** ERROR unknown type 0x0 (glSizeof,72)
E/eglCodecCommon( 1036): **** ERROR unknown type 0x0 (glSizeof,72)
E/eglCodecCommon( 1036): glUtilsParamSize: unknow param 0x00000b44
E/eglCodecCommon( 1036): glUtilsParamSize: unknow param 0x00000bd0
E/eglCodecCommon( 1036): **** ERROR unknown type 0x0 (glSizeof,72)
E/eglCodecCommon( 1036): **** ERROR unknown type 0x0 (glSizeof,72)
E/eglCodecCommon( 1036): glUtilsParamSize: unknow param 0x00000b44
E/eglCodecCommon( 1036): glUtilsParamSize: unknow param 0x00000bd0
E/eglCodecCommon( 1036): **** ERROR unknown type 0x0 (glSizeof,72)
E/eglCodecCommon( 1036): **** ERROR unknown type 0x0 (glSizeof,72)
E/eglCodecCommon( 1036): glUtilsParamSize: unknow param 0x00000b44
E/eglCodecCommon( 1036): glUtilsParamSize: unknow param 0x00000bd0
D/AndroidRuntime( 1105): Calling main entry com.android.commands.pm.Pm
E/eglCodecCommon( 1036): **** ERROR unknown type 0x0 (glSizeof,72)
E/eglCodecCommon( 1036): **** ERROR unknown type 0x0 (glSizeof,72)
E/eglCodecCommon( 1036): glUtilsParamSize: unknow param 0x00000b44
E/eglCodecCommon( 1036): glUtilsParamSize: unknow param 0x00000bd0
E/eglCodecCommon( 1036): **** ERROR unknown type 0x0 (glSizeof,72)
E/eglCodecCommon( 1036): **** ERROR unknown type 0x0 (glSizeof,72)
E/eglCodecCommon( 1036): glUtilsParamSize: unknow param 0x00000b44
E/eglCodecCommon( 1036): glUtilsParamSize: unknow param 0x00000bd0
E/eglCodecCommon( 1036): **** ERROR unknown type 0x0 (glSizeof,72)
E/eglCodecCommon( 1036): **** ERROR unknown type 0x0 (glSizeof,72)
E/eglCodecCommon( 1036): glUtilsParamSize: unknow param 0x00000b44
E/eglCodecCommon( 1036): glUtilsParamSize: unknow param 0x00000bd0
W/ActivityManager(  354): No content provider found for permission revoke: file:///data/local/tmp/android-debug.apk
E/eglCodecCommon( 1036): **** ERROR unknown type 0x0 (glSizeof,72)
E/eglCodecCommon( 1036): **** ERROR unknown type 0x0 (glSizeof,72)
E/eglCodecCommon( 1036): glUtilsParamSize: unknow param 0x00000b44
E/eglCodecCommon( 1036): glUtilsParamSize: unknow param 0x00000bd0
E/eglCodecCommon( 1036): **** ERROR unknown type 0x0 (glSizeof,72)
E/eglCodecCommon( 1036): **** ERROR unknown type 0x0 (glSizeof,72)
